taxonomy	total	EP081373	EP218239	EP230041	EP238282	EP316551	EP323428	EP353148	EP362721	EP364626	EP368562	EP370370	EP396857	EP428956	EP470960	EP482764	EP487163	EP514824	EP516732	EP521049	EP642999	EP708835	EP765637	EP811525	EP828710	EP925694	EP936464	EP941670
Root	161428	777	2607	26268	265	2651	2592	22576	298	2050	2640	524	10013	984	3491	368	239	24136	53	1592	14	9	37853	1237	17252	1	892	46
Root;Archaea;"Crenarchaeota";Thermoprotei;Thermoproteales;Thermofilaceae;Thermofilum;	1	0	0	0	0	0	0	0	0	1	0	0	0	0	0	0	0	0	0	0	0	0	0	0	0	0	0	0
Root;Archaea;"Euryarchaeota";"Methanomicrobia";Methanocellales;Methanocellaceae;Methanocella;	1	0	0	0	0	0	0	0	0	0	0	0	0	1	0	0	0	0	0	0	0	0	0	0	0	0	0	0
Root;Archaea;"Euryarchaeota";"Methanomicrobia";Methanomicrobiales;Methanospirillaceae;Methanospirillum;	1	0	0	0	0	0	0	0	0	0	0	0	0	1	0	0	0	0	0	0	0	0	0	0	0	0	0	0
Root;Archaea;"Euryarchaeota";Halobacteria;Halobacteriales;Halobacteriaceae;Haladaptatus;	1	0	0	0	0	0	0	0	0	1	0	0	0	0	0	0	0	0	0	0	0	0	0	0	0	0	0	0
Root;Archaea;"Euryarchaeota";Halobacteria;Halobacteriales;Halobacteriaceae;Haloplanus;	3	0	0	0	0	0	0	0	0	0	0	1	0	2	0	0	0	0	0	0	0	0	0	0	0	0	0	0
Root;Archaea;"Euryarchaeota";Halobacteria;Halobacteriales;Halobacteriaceae;Haloquadratum;	1	0	0	0	0	0	0	0	0	1	0	0	0	0	0	0	0	0	0	0	0	0	0	0	0	0	0	0
Root;Archaea;"Euryarchaeota";Halobacteria;Halobacteriales;Halobacteriaceae;Halosimplex;	1	0	0	0	0	0	0	0	0	0	1	0	0	0	0	0	0	0	0	0	0	0	0	0	0	0	0	0
Root;Archaea;"Euryarchaeota";Halobacteria;Halobacteriales;Halobacteriaceae;Natronomonas;	43	0	0	0	0	0	0	0	0	12	0	16	0	9	1	0	0	0	0	0	0	0	0	0	5	0	0	0
Root;Archaea;"Euryarchaeota";Methanobacteria;Methanobacteriales;Methanobacteriaceae;Methanosphaera;	2	0	0	0	0	0	0	0	0	0	0	0	0	0	0	0	0	0	1	0	0	0	0	0	1	0	0	0
Root;Bacteria;"Actinobacteria";Actinobacteria;Actinomycetales;Actinomycetaceae;Actinobaculum;	4	0	0	0	3	1	0	0	0	0	0	0	0	0	0	0	0	0	0	0	0	0	0	0	0	0	0	0
Root;Bacteria;"Actinobacteria";Actinobacteria;Actinomycetales;Actinomycetaceae;Actinomyces;	22	0	0	0	0	0	1	5	0	11	3	0	0	0	2	0	0	0	0	0	0	0	0	0	0	0	0	0
Root;Bacteria;"Actinobacteria";Actinobacteria;Actinomycetales;Actinomycetaceae;Arcanobacterium;	4	0	2	0	0	0	0	0	0	0	0	0	0	0	1	0	0	0	0	0	0	0	0	0	0	0	1	0
Root;Bacteria;"Actinobacteria";Actinobacteria;Actinomycetales;Actinomycetaceae;Mobiluncus;	45	0	5	0	0	1	11	0	0	1	1	0	3	1	19	0	0	0	0	0	0	0	0	3	0	0	0	0
Root;Bacteria;"Actinobacteria";Actinobacteria;Actinomycetales;Actinomycetaceae;Varibaculum;	67	0	0	0	0	0	0	0	0	0	9	0	45	0	11	0	0	0	0	1	0	0	0	0	0	0	1	0
Root;Bacteria;"Actinobacteria";Actinobacteria;Actinomycetales;Bogoriellaceae;Bogoriella;	1	0	0	0	0	0	0	0	0	1	0	0	0	0	0	0	0	0	0	0	0	0	0	0	0	0	0	0
Root;Bacteria;"Actinobacteria";Actinobacteria;Actinomycetales;Brevibacteriaceae;Brevibacterium;	56	0	0	0	0	0	0	0	0	0	1	0	51	0	0	0	0	0	0	1	0	0	0	0	0	0	3	0
Root;Bacteria;"Actinobacteria";Actinobacteria;Actinomycetales;Corynebacteriaceae;Corynebacterium;	1399	0	0	101	16	23	2	15	0	24	30	0	1125	2	37	0	0	0	1	3	0	0	0	7	13	0	0	0
Root;Bacteria;"Actinobacteria";Actinobacteria;Actinomycetales;Corynebacteriaceae;Turicella;	4	0	0	0	1	1	0	0	0	1	0	0	0	0	0	0	0	0	0	0	0	0	0	0	0	0	1	0
Root;Bacteria;"Actinobacteria";Actinobacteria;Actinomycetales;Dermabacteraceae;Dermabacter;	19	0	0	0	0	0	0	0	0	0	0	0	18	0	1	0	0	0	0	0	0	0	0	0	0	0	0	0
Root;Bacteria;"Actinobacteria";Actinobacteria;Actinomycetales;Microbacteriaceae;Schumannella;	1	0	1	0	0	0	0	0	0	0	0	0	0	0	0	0	0	0	0	0	0	0	0	0	0	0	0	0
Root;Bacteria;"Actinobacteria";Actinobacteria;Actinomycetales;Micrococcaceae;Arthrobacter;	1	0	0	0	0	0	0	0	0	0	0	0	0	0	0	0	0	0	0	1	0	0	0	0	0	0	0	0
Root;Bacteria;"Actinobacteria";Actinobacteria;Actinomycetales;Micrococcaceae;Nesterenkonia;	5	0	0	0	0	0	0	0	0	0	0	0	5	0	0	0	0	0	0	0	0	0	0	0	0	0	0	0
Root;Bacteria;"Actinobacteria";Actinobacteria;Actinomycetales;Micrococcaceae;Renibacterium;	1	0	0	0	0	0	0	0	0	0	0	0	0	0	0	0	0	0	0	0	0	0	0	0	1	0	0	0
Root;Bacteria;"Actinobacteria";Actinobacteria;Actinomycetales;Micrococcaceae;Rothia;	1	0	0	0	0	0	0	0	0	0	0	0	0	1	0	0	0	0	0	0	0	0	0	0	0	0	0	0
Root;Bacteria;"Actinobacteria";Actinobacteria;Actinomycetales;Nocardiaceae;Millisia;	1	0	0	0	0	1	0	0	0	0	0	0	0	0	0	0	0	0	0	0	0	0	0	0	0	0	0	0
Root;Bacteria;"Actinobacteria";Actinobacteria;Actinomycetales;Nocardiaceae;Smaragdicoccus;	3	0	0	0	1	0	0	0	0	2	0	0	0	0	0	0	0	0	0	0	0	0	0	0	0	0	0	0
Root;Bacteria;"Actinobacteria";Actinobacteria;Actinomycetales;Propionibacteriaceae;Propionibacterium;	21	0	0	0	0	0	0	0	0	0	0	0	12	0	0	0	0	0	0	2	0	0	0	2	5	0	0	0
Root;Bacteria;"Actinobacteria";Actinobacteria;Actinomycetales;Propionibacteriaceae;Propionimicrobium;	78	0	0	0	0	0	0	1	0	1	4	0	72	0	0	0	0	0	0	0	0	0	0	0	0	0	0	0
Root;Bacteria;"Actinobacteria";Actinobacteria;Actinomycetales;Segniliparaceae;Segniliparus;	207	0	0	0	0	2	0	0	0	1	9	0	185	0	8	0	0	0	0	0	0	0	0	1	0	0	1	0
Root;Bacteria;"Actinobacteria";Actinobacteria;Bifidobacteriales;Bifidobacteriaceae;Alloscardovia;	57	0	0	0	0	0	0	4	0	0	0	0	53	0	0	0	0	0	0	0	0	0	0	0	0	0	0	0
Root;Bacteria;"Actinobacteria";Actinobacteria;Bifidobacteriales;Bifidobacteriaceae;Bifidobacterium;	79	0	0	0	0	1	0	1	0	0	0	0	76	0	0	0	0	0	0	0	0	0	0	0	0	0	1	0
Root;Bacteria;"Actinobacteria";Actinobacteria;Bifidobacteriales;Bifidobacteriaceae;Gardnerella;	6602	1	203	18	0	704	253	3344	15	1	602	0	1	13	288	0	0	30	0	6	0	0	1114	1	6	0	1	1
Root;Bacteria;"Actinobacteria";Actinobacteria;Bifidobacteriales;Bifidobacteriaceae;Parascardovia;	2	0	0	0	0	0	0	0	0	0	0	0	2	0	0	0	0	0	0	0	0	0	0	0	0	0	0	0
Root;Bacteria;"Actinobacteria";Actinobacteria;Bifidobacteriales;Bifidobacteriaceae;Scardovia;	2	0	1	0	0	1	0	0	0	0	0	0	0	0	0	0	0	0	0	0	0	0	0	0	0	0	0	0
Root;Bacteria;"Actinobacteria";Actinobacteria;Coriobacteriales;Coriobacteriaceae;Asaccharobacter;	3	0	0	0	0	1	0	0	0	0	0	0	0	0	0	0	0	0	0	0	0	0	2	0	0	0	0	0
Root;Bacteria;"Actinobacteria";Actinobacteria;Coriobacteriales;Coriobacteriaceae;Atopobium;	1993	19	723	0	0	50	696	179	37	0	0	0	5	0	10	0	1	1	0	1	0	0	218	0	0	0	53	0
Root;Bacteria;"Actinobacteria";Actinobacteria;Coriobacteriales;Coriobacteriaceae;Collinsella;	1	0	0	0	0	0	0	0	0	0	0	0	0	0	0	0	0	0	0	1	0	0	0	0	0	0	0	0
Root;Bacteria;"Actinobacteria";Actinobacteria;Coriobacteriales;Coriobacteriaceae;Coriobacterium;	3	0	2	0	0	0	1	0	0	0	0	0	0	0	0	0	0	0	0	0	0	0	0	0	0	0	0	0
Root;Bacteria;"Actinobacteria";Actinobacteria;Coriobacteriales;Coriobacteriaceae;Eggerthella;	83	0	8	0	0	3	44	2	0	0	0	0	0	0	0	0	0	0	0	0	0	0	26	0	0	0	0	0
Root;Bacteria;"Actinobacteria";Actinobacteria;Coriobacteriales;Coriobacteriaceae;Gordonibacter;	79	2	16	0	0	6	31	3	0	1	0	0	0	0	0	0	0	0	0	0	0	0	17	0	0	0	3	0
Root;Bacteria;"Actinobacteria";Actinobacteria;Coriobacteriales;Coriobacteriaceae;Olsenella;	6	0	0	0	0	0	1	2	0	0	0	0	0	0	1	0	1	0	0	0	0	0	1	0	0	0	0	0
Root;Bacteria;"Aquificae";Aquificae;Aquificales;Aquificaceae;Aquifex;	2	0	0	0	0	0	0	0	0	0	0	0	0	0	0	0	1	0	0	1	0	0	0	0	0	0	0	0
Root;Bacteria;"Bacteroidetes";"Bacteroidia";"Bacteroidales";"Marinilabiaceae";Alkaliflexus;	1	0	0	0	0	0	0	0	0	0	0	0	0	0	1	0	0	0	0	0	0	0	0	0	0	0	0	0
Root;Bacteria;"Bacteroidetes";"Bacteroidia";"Bacteroidales";"Marinilabiaceae";Anaerophaga;	1	1	0	0	0	0	0	0	0	0	0	0	0	0	0	0	0	0	0	0	0	0	0	0	0	0	0	0
Root;Bacteria;"Bacteroidetes";"Bacteroidia";"Bacteroidales";"Porphyromonadaceae";Paludibacter;	1	1	0	0	0	0	0	0	0	0	0	0	0	0	0	0	0	0	0	0	0	0	0	0	0	0	0	0
Root;Bacteria;"Bacteroidetes";"Bacteroidia";"Bacteroidales";"Porphyromonadaceae";Porphyromonas;	218	74	3	0	0	0	0	2	4	15	9	2	9	0	91	1	0	0	0	1	0	0	0	0	0	0	7	0
Root;Bacteria;"Bacteroidetes";"Bacteroidia";"Bacteroidales";"Porphyromonadaceae";Proteiniphilum;	49	4	1	2	0	3	0	0	0	13	6	0	2	0	5	0	0	0	0	0	0	0	0	0	0	0	13	0
Root;Bacteria;"Bacteroidetes";"Bacteroidia";"Bacteroidales";"Porphyromonadaceae";Tannerella;	17	4	1	0	1	0	1	0	0	0	0	0	0	0	8	0	0	0	1	0	0	0	0	0	0	0	1	0
Root;Bacteria;"Bacteroidetes";"Bacteroidia";"Bacteroidales";"Prevotellaceae";Hallella;	316	39	18	0	28	31	14	1	9	70	8	0	3	0	21	0	0	0	1	1	5	0	0	9	0	0	58	0
Root;Bacteria;"Bacteroidetes";"Bacteroidia";"Bacteroidales";"Prevotellaceae";Paraprevotella;	14	0	0	0	0	0	0	0	0	0	1	0	0	0	13	0	0	0	0	0	0	0	0	0	0	0	0	0
Root;Bacteria;"Bacteroidetes";"Bacteroidia";"Bacteroidales";"Prevotellaceae";Prevotella;	4328	270	855	0	125	385	299	36	192	335	70	10	622	0	869	7	1	0	3	1	2	0	89	28	0	0	129	0
Root;Bacteria;"Bacteroidetes";"Bacteroidia";"Bacteroidales";"Prevotellaceae";Xylanibacter;	31	3	0	0	0	1	3	0	1	3	2	0	0	0	5	0	0	0	0	0	0	0	3	0	0	0	10	0
Root;Bacteria;"Bacteroidetes";"Bacteroidia";"Bacteroidales";"Rikenellaceae";Rikenella;	118	89	0	0	3	0	20	0	0	3	0	2	0	0	1	0	0	0	0	0	0	0	0	0	0	0	0	0
Root;Bacteria;"Bacteroidetes";"Bacteroidia";"Bacteroidales";Bacteroidaceae;Bacteroides;	5	1	0	0	0	0	1	0	0	0	0	0	0	2	0	0	0	0	0	1	0	0	0	0	0	0	0	0
Root;Bacteria;"Bacteroidetes";"Bacteroidia";"Bacteroidales";Bacteroidales_incertae_sedis;Phocaeicola;	91	8	7	1	0	4	9	0	3	18	4	0	3	0	3	0	0	0	0	1	2	0	1	2	1	0	24	0
Root;Bacteria;"Bacteroidetes";"Sphingobacteria";"Sphingobacteriales";"Chitinophagaceae";Segetibacter;	1	0	0	0	0	0	0	0	0	0	1	0	0	0	0	0	0	0	0	0	0	0	0	0	0	0	0	0
Root;Bacteria;"Bacteroidetes";"Sphingobacteria";"Sphingobacteriales";"Flammeovirgaceae";Flexithrix;	1	0	0	0	0	0	0	0	0	0	1	0	0	0	0	0	0	0	0	0	0	0	0	0	0	0	0	0
Root;Bacteria;"Bacteroidetes";"Sphingobacteria";"Sphingobacteriales";"Flammeovirgaceae";Perexilibacter;	1	0	0	0	0	0	0	0	0	0	0	1	0	0	0	0	0	0	0	0	0	0	0	0	0	0	0	0
Root;Bacteria;"Bacteroidetes";"Sphingobacteria";"Sphingobacteriales";"Flammeovirgaceae";Reichenbachiella;	1	0	0	0	0	1	0	0	0	0	0	0	0	0	0	0	0	0	0	0	0	0	0	0	0	0	0	0
Root;Bacteria;"Bacteroidetes";"Sphingobacteria";"Sphingobacteriales";Cytophagaceae;Leadbetterella;	1	0	0	0	0	0	0	0	0	0	0	0	0	0	0	0	0	0	0	0	0	0	0	0	1	0	0	0
Root;Bacteria;"Bacteroidetes";"Sphingobacteria";"Sphingobacteriales";Cytophagaceae;Persicitalea;	1	0	0	0	0	1	0	0	0	0	0	0	0	0	0	0	0	0	0	0	0	0	0	0	0	0	0	0
Root;Bacteria;"Bacteroidetes";"Sphingobacteria";"Sphingobacteriales";Cytophagaceae;Sporocytophaga;	2	0	0	0	1	0	0	0	0	0	0	0	0	0	0	0	0	0	0	0	0	0	0	0	0	0	1	0
Root;Bacteria;"Bacteroidetes";"Sphingobacteria";"Sphingobacteriales";Sphingobacteriaceae;Nubsella;	1	0	0	0	0	0	0	0	0	0	0	0	0	0	0	0	0	0	0	0	0	0	0	1	0	0	0	0
Root;Bacteria;"Bacteroidetes";Bacteroidetes_incertae_sedis;Prolixibacter;Prolixibacter_unclassified;Prolixibacter_unclassified;	1	0	0	0	0	0	0	0	0	1	0	0	0	0	0	0	0	0	0	0	0	0	0	0	0	0	0	0
Root;Bacteria;"Bacteroidetes";Flavobacteria;"Flavobacteriales";Cryomorphaceae;Fluviicola;	1	0	0	0	0	0	0	0	0	1	0	0	0	0	0	0	0	0	0	0	0	0	0	0	0	0	0	0
Root;Bacteria;"Bacteroidetes";Flavobacteria;"Flavobacteriales";Cryomorphaceae;Lishizhenia;	1	0	0	0	0	0	1	0	0	0	0	0	0	0	0	0	0	0	0	0	0	0	0	0	0	0	0	0
Root;Bacteria;"Bacteroidetes";Flavobacteria;"Flavobacteriales";Cryomorphaceae;Owenweeksia;	1	0	0	0	0	0	1	0	0	0	0	0	0	0	0	0	0	0	0	0	0	0	0	0	0	0	0	0
Root;Bacteria;"Bacteroidetes";Flavobacteria;"Flavobacteriales";Cryomorphaceae;Sediminitomix;	1	0	0	0	0	1	0	0	0	0	0	0	0	0	0	0	0	0	0	0	0	0	0	0	0	0	0	0
Root;Bacteria;"Bacteroidetes";Flavobacteria;"Flavobacteriales";Flavobacteriaceae;Coenonia;	1	0	0	0	0	0	1	0	0	0	0	0	0	0	0	0	0	0	0	0	0	0	0	0	0	0	0	0
Root;Bacteria;"Bacteroidetes";Flavobacteria;"Flavobacteriales";Flavobacteriaceae;Croceibacter;	2	0	0	0	0	0	0	0	0	2	0	0	0	0	0	0	0	0	0	0	0	0	0	0	0	0	0	0
Root;Bacteria;"Bacteroidetes";Flavobacteria;"Flavobacteriales";Flavobacteriaceae;Flagellimonas;	1	0	0	0	0	0	0	0	0	0	0	0	0	0	0	0	0	0	0	0	0	0	0	0	0	0	1	0
Root;Bacteria;"Bacteroidetes";Flavobacteria;"Flavobacteriales";Flavobacteriaceae;Kordia;	5	3	0	0	0	0	0	0	0	0	0	1	0	0	1	0	0	0	0	0	0	0	0	0	0	0	0	0
Root;Bacteria;"Bacteroidetes";Flavobacteria;"Flavobacteriales";Flavobacteriaceae;Robiginitalea;	1	0	0	0	0	0	0	0	0	0	1	0	0	0	0	0	0	0	0	0	0	0	0	0	0	0	0	0
Root;Bacteria;"Bacteroidetes";Flavobacteria;"Flavobacteriales";Flavobacteriaceae;Sediminicola;	1	1	0	0	0	0	0	0	0	0	0	0	0	0	0	0	0	0	0	0	0	0	0	0	0	0	0	0
Root;Bacteria;"Bacteroidetes";Flavobacteria;"Flavobacteriales";Flavobacteriaceae;Subsaxibacter;	1	0	0	0	0	0	0	0	0	0	0	0	0	1	0	0	0	0	0	0	0	0	0	0	0	0	0	0
Root;Bacteria;"Bacteroidetes";Flavobacteria;"Flavobacteriales";Flavobacteriaceae;Zunongwangia;	2	0	0	0	0	0	0	0	0	0	0	0	0	1	1	0	0	0	0	0	0	0	0	0	0	0	0	0
Root;Bacteria;"Chloroflexi";"Chloroflexi";"Herpetosiphonales";"Herpetosiphonaceae";Herpetosiphon;	1	0	0	0	0	0	0	0	0	0	0	0	0	0	0	0	0	0	0	0	0	0	0	0	1	0	0	0
Root;Bacteria;"Deinococcus-Thermus";Deinococci;Deinococcales;Trueperaceae;Truepera;	1	0	0	0	0	0	0	0	0	1	0	0	0	0	0	0	0	0	0	0	0	0	0	0	0	0	0	0
Root;Bacteria;"Firmicutes";"Bacilli";"Lactobacillales";"Aerococcaceae";Abiotrophia;	101	0	0	6	0	1	0	23	0	1	8	0	0	1	0	0	1	16	2	9	0	0	16	10	7	0	0	0
Root;Bacteria;"Firmicutes";"Bacilli";"Lactobacillales";"Aerococcaceae";Aerococcus;	75	0	8	0	0	8	3	4	0	0	7	0	0	0	0	0	1	3	0	5	0	0	36	0	0	0	0	0
Root;Bacteria;"Firmicutes";"Bacilli";"Lactobacillales";"Aerococcaceae";Facklamia;	119	0	0	0	0	0	0	5	0	1	3	0	109	0	1	0	0	0	0	0	0	0	0	0	0	0	0	0
Root;Bacteria;"Firmicutes";"Bacilli";"Lactobacillales";"Aerococcaceae";Globicatella;	16	0	0	0	0	0	0	0	0	0	0	0	0	0	0	0	1	0	1	0	0	1	0	0	13	0	0	0
Root;Bacteria;"Firmicutes";"Bacilli";"Lactobacillales";"Aerococcaceae";Ignavigranum;	2	0	0	0	0	0	0	0	0	0	0	0	0	0	0	0	0	1	0	1	0	0	0	0	0	0	0	0
Root;Bacteria;"Firmicutes";"Bacilli";"Lactobacillales";"Carnobacteriaceae";Allofustis;	1	0	0	0	0	0	0	1	0	0	0	0	0	0	0	0	0	0	0	0	0	0	0	0	0	0	0	0
Root;Bacteria;"Firmicutes";"Bacilli";"Lactobacillales";"Carnobacteriaceae";Alloiococcus;	29	0	0	3	0	1	0	0	0	0	3	0	1	4	0	0	0	3	0	3	0	0	0	6	5	0	0	0
Root;Bacteria;"Firmicutes";"Bacilli";"Lactobacillales";"Carnobacteriaceae";Atopostipes;	4	0	0	0	0	0	0	0	0	0	1	0	0	1	0	0	0	0	0	1	0	0	0	1	0	0	0	0
Root;Bacteria;"Firmicutes";"Bacilli";"Lactobacillales";"Carnobacteriaceae";Desemzia;	8	0	0	0	0	0	0	1	0	0	5	0	0	0	0	0	0	0	0	1	0	0	0	0	1	0	0	0
Root;Bacteria;"Firmicutes";"Bacilli";"Lactobacillales";"Carnobacteriaceae";Dolosigranulum;	6	0	0	0	0	1	0	0	0	0	0	0	0	1	0	0	0	1	0	1	0	0	0	0	2	0	0	0
Root;Bacteria;"Firmicutes";"Bacilli";"Lactobacillales";"Carnobacteriaceae";Granulicatella;	14	0	0	0	0	0	0	14	0	0	0	0	0	0	0	0	0	0	0	0	0	0	0	0	0	0	0	0
Root;Bacteria;"Firmicutes";"Bacilli";"Lactobacillales";"Carnobacteriaceae";Lacticigenium;	20	0	0	1	0	0	0	0	0	0	3	0	1	1	0	0	0	0	1	2	0	0	0	1	10	0	0	0
Root;Bacteria;"Firmicutes";"Bacilli";"Lactobacillales";"Enterococcaceae";Atopobacter;	4	0	0	0	0	0	0	0	0	0	0	0	0	0	0	0	0	0	0	1	0	0	0	1	2	0	0	0
Root;Bacteria;"Firmicutes";"Bacilli";"Lactobacillales";"Enterococcaceae";Enterococcus;	1	0	0	1	0	0	0	0	0	0	0	0	0	0	0	0	0	0	0	0	0	0	0	0	0	0	0	0
Root;Bacteria;"Firmicutes";"Bacilli";"Lactobacillales";"Enterococcaceae";Pilibacter;	4	0	0	0	0	0	0	0	0	0	0	0	0	0	0	1	0	0	0	0	1	0	0	0	2	0	0	0
Root;Bacteria;"Firmicutes";"Bacilli";"Lactobacillales";Lactobacillaceae;Lactobacillus;	95025	0	33	26083	1	314	482	15922	7	0	1526	6	3675	894	10	335	222	23403	31	1386	0	0	2635	932	17088	0	0	40
Root;Bacteria;"Firmicutes";"Bacilli";"Lactobacillales";Lactobacillaceae;Paralactobacillus;	408	0	0	24	2	21	7	40	1	0	29	0	8	30	1	3	0	68	0	54	0	0	11	93	16	0	0	0
Root;Bacteria;"Firmicutes";"Bacilli";"Lactobacillales";Streptococcaceae;Lactovum;	1	0	0	0	0	0	0	0	0	1	0	0	0	0	0	0	0	0	0	0	0	0	0	0	0	0	0	0
Root;Bacteria;"Firmicutes";"Bacilli";"Lactobacillales";Streptococcaceae;Streptococcus;	604	0	0	1	2	166	0	17	1	1	1	79	7	0	302	6	0	0	0	6	0	0	2	0	13	0	0	0
Root;Bacteria;"Firmicutes";"Bacilli";Bacillales;"Paenibacillaceae";Oxalophagus;	1	0	0	0	0	0	0	0	0	0	0	0	0	1	0	0	0	0	0	0	0	0	0	0	0	0	0	0
Root;Bacteria;"Firmicutes";"Bacilli";Bacillales;"Paenibacillaceae";Thermicanus;	1	0	0	0	0	0	0	0	0	0	1	0	0	0	0	0	0	0	0	0	0	0	0	0	0	0	0	0
Root;Bacteria;"Firmicutes";"Bacilli";Bacillales;"Staphylococcaceae";Gemella;	290	0	9	0	0	1	5	2	0	0	0	256	0	0	0	1	0	1	0	0	1	3	0	0	1	0	10	0
Root;Bacteria;"Firmicutes";"Bacilli";Bacillales;"Staphylococcaceae";Staphylococcus;	218	0	0	0	0	0	0	2	0	2	0	0	117	0	32	0	0	0	0	49	0	0	0	11	3	0	0	2
Root;Bacteria;"Firmicutes";"Bacilli";Bacillales;Bacillaceae;Halalkalibacillus;	2	0	0	0	0	0	0	0	0	0	2	0	0	0	0	0	0	0	0	0	0	0	0	0	0	0	0	0
Root;Bacteria;"Firmicutes";"Bacilli";Bacillales;Bacillaceae;Jeotgalibacillus;	2	0	0	0	0	0	0	0	0	1	0	0	0	0	0	0	0	0	0	0	0	0	0	0	1	0	0	0
Root;Bacteria;"Firmicutes";"Bacilli";Bacillales;Bacillaceae;Natronobacillus;	2	0	0	0	0	0	0	0	0	0	0	0	0	0	0	0	0	0	0	0	0	0	0	1	1	0	0	0
Root;Bacteria;"Firmicutes";"Bacilli";Bacillales;Bacillaceae;Paucisalibacillus;	1	0	0	0	0	0	0	0	0	0	0	0	0	0	0	0	0	0	0	0	0	0	0	1	0	0	0	0
Root;Bacteria;"Firmicutes";"Bacilli";Bacillales;Bacillaceae;Saccharococcus;	1	0	0	0	0	0	0	0	0	0	0	0	0	0	0	0	0	0	0	1	0	0	0	0	0	0	0	0
Root;Bacteria;"Firmicutes";"Bacilli";Bacillales;Bacillaceae;Salirhabdus;	1	0	0	0	0	0	0	0	0	0	0	0	0	0	0	0	0	0	0	1	0	0	0	0	0	0	0	0
Root;Bacteria;"Firmicutes";"Bacilli";Bacillales;Bacillaceae;Salsuginibacillus;	2	0	0	0	0	0	0	0	0	0	0	0	0	0	0	0	0	0	0	0	0	0	0	0	2	0	0	0
Root;Bacteria;"Firmicutes";"Bacilli";Bacillales;Bacillaceae;Vulcanibacillus;	1	0	0	0	0	0	0	0	0	0	0	0	0	0	0	0	0	1	0	0	0	0	0	0	0	0	0	0
Root;Bacteria;"Firmicutes";"Bacilli";Bacillales;Bacillales_incertae_sedis;Pullulanibacillus;	2	0	0	0	0	0	0	1	0	0	0	0	0	0	0	0	0	0	0	0	0	0	0	1	0	0	0	0
Root;Bacteria;"Firmicutes";"Bacilli";Bacillales;Bacillales_incertae_sedis;Solibacillus;	1	0	0	0	0	0	0	0	0	0	1	0	0	0	0	0	0	0	0	0	0	0	0	0	0	0	0	0
Root;Bacteria;"Firmicutes";"Bacilli";Bacillales;Planococcaceae;Bhargavaea;	2	0	0	0	0	0	0	0	0	0	0	0	0	0	0	0	0	0	0	0	0	0	1	1	0	0	0	0
Root;Bacteria;"Firmicutes";"Bacilli";Bacillales;Planococcaceae;Filibacter;	5	0	0	0	0	0	0	0	0	0	2	0	0	0	0	0	0	1	0	0	0	0	0	1	1	0	0	0
Root;Bacteria;"Firmicutes";"Bacilli";Bacillales;Thermoactinomycetaceae;Shimazuella;	2	0	0	0	0	0	0	0	0	0	1	0	0	1	0	0	0	0	0	0	0	0	0	0	0	0	0	0
Root;Bacteria;"Firmicutes";"Clostridia";"Thermoanaerobacterales";"Thermoanaerobacteraceae";Mahella;	1	0	0	0	1	0	0	0	0	0	0	0	0	0	0	0	0	0	0	0	0	0	0	0	0	0	0	0
Root;Bacteria;"Firmicutes";"Clostridia";"Thermoanaerobacterales";"Thermoanaerobacteraceae";Thermovenabulum;	1	0	0	0	0	1	0	0	0	0	0	0	0	0	0	0	0	0	0	0	0	0	0	0	0	0	0	0
Root;Bacteria;"Firmicutes";"Clostridia";Clostridiales;"Eubacteriaceae";Pseudoramibacter;	1	0	0	1	0	0	0	0	0	0	0	0	0	0	0	0	0	0	0	0	0	0	0	0	0	0	0	0
Root;Bacteria;"Firmicutes";"Clostridia";Clostridiales;"Gracilibacteraceae";Lutispora;	1	0	0	0	0	0	0	0	0	0	0	0	0	0	0	0	0	0	0	0	0	0	0	0	0	0	1	0
Root;Bacteria;"Firmicutes";"Clostridia";Clostridiales;"Lachnospiraceae";Acetitomaculum;	6	0	0	0	0	0	0	0	0	0	0	0	0	0	0	0	0	0	0	0	0	0	6	0	0	0	0	0
Root;Bacteria;"Firmicutes";"Clostridia";Clostridiales;"Lachnospiraceae";Anaerosporobacter;	1	0	0	0	0	0	0	0	1	0	0	0	0	0	0	0	0	0	0	0	0	0	0	0	0	0	0	0
Root;Bacteria;"Firmicutes";"Clostridia";Clostridiales;"Lachnospiraceae";Catonella;	43	0	0	0	0	1	0	11	0	0	0	0	1	0	2	0	0	0	0	0	0	0	27	0	0	0	1	0
Root;Bacteria;"Firmicutes";"Clostridia";Clostridiales;"Lachnospiraceae";Coprococcus;	4	0	0	0	0	0	0	0	0	0	0	0	0	0	4	0	0	0	0	0	0	0	0	0	0	0	0	0
Root;Bacteria;"Firmicutes";"Clostridia";Clostridiales;"Lachnospiraceae";Dorea;	1	0	0	0	0	0	0	1	0	0	0	0	0	0	0	0	0	0	0	0	0	0	0	0	0	0	0	0
Root;Bacteria;"Firmicutes";"Clostridia";Clostridiales;"Lachnospiraceae";Lachnobacterium;	236	0	0	0	0	0	0	80	0	0	0	0	0	0	0	0	0	0	1	0	0	0	154	0	1	0	0	0
Root;Bacteria;"Firmicutes";"Clostridia";Clostridiales;"Lachnospiraceae";Marvinbryantia;	2	0	0	0	0	0	0	0	0	0	0	0	0	0	0	0	0	0	0	0	0	0	2	0	0	0	0	0
Root;Bacteria;"Firmicutes";"Clostridia";Clostridiales;"Lachnospiraceae";Moryella;	83	15	0	0	0	0	6	0	2	0	0	2	0	0	56	0	0	0	0	0	0	0	0	0	0	0	2	0
Root;Bacteria;"Firmicutes";"Clostridia";Clostridiales;"Lachnospiraceae";Oribacterium;	1	0	0	0	0	0	0	0	0	0	0	0	0	0	0	0	0	0	0	0	0	0	1	0	0	0	0	0
Root;Bacteria;"Firmicutes";"Clostridia";Clostridiales;"Lachnospiraceae";Parasporobacterium;	2	0	0	0	0	0	0	0	0	0	0	0	0	1	0	0	0	0	0	0	0	0	1	0	0	0	0	0
Root;Bacteria;"Firmicutes";"Clostridia";Clostridiales;"Lachnospiraceae";Robinsoniella;	10	0	0	0	0	0	0	1	0	1	0	0	1	0	0	0	0	0	0	0	0	0	7	0	0	0	0	0
Root;Bacteria;"Firmicutes";"Clostridia";Clostridiales;"Lachnospiraceae";Roseburia;	10	0	0	0	0	0	0	3	0	2	0	0	0	0	0	0	0	0	0	1	0	0	4	0	0	0	0	0
Root;Bacteria;"Firmicutes";"Clostridia";Clostridiales;"Lachnospiraceae";Shuttleworthia;	34564	0	0	0	0	0	0	1616	0	1	0	0	0	0	10	0	0	0	0	0	0	0	32911	0	24	0	2	0
Root;Bacteria;"Firmicutes";"Clostridia";Clostridiales;"Lachnospiraceae";Syntrophococcus;	207	0	0	0	0	0	0	123	0	1	0	0	0	0	1	0	0	0	0	0	0	0	82	0	0	0	0	0
Root;Bacteria;"Firmicutes";"Clostridia";Clostridiales;"Peptostreptococcaceae";Filifactor;	14	0	0	0	0	0	0	0	0	3	0	0	0	0	9	0	0	0	1	0	0	0	0	1	0	0	0	0
Root;Bacteria;"Firmicutes";"Clostridia";Clostridiales;"Peptostreptococcaceae";Peptostreptococcus;	153	8	33	0	0	53	0	0	0	3	0	0	0	0	0	0	0	0	0	19	0	0	0	34	0	0	3	0
Root;Bacteria;"Firmicutes";"Clostridia";Clostridiales;"Ruminococcaceae";Acetanaerobacterium;	3	0	0	0	0	0	0	0	0	0	0	0	0	2	1	0	0	0	0	0	0	0	0	0	0	0	0	0
Root;Bacteria;"Firmicutes";"Clostridia";Clostridiales;"Ruminococcaceae";Acetivibrio;	110	63	20	0	0	0	27	0	0	0	0	0	0	0	0	0	0	0	0	0	0	0	0	0	0	0	0	0
Root;Bacteria;"Firmicutes";"Clostridia";Clostridiales;"Ruminococcaceae";Anaerotruncus;	27	4	8	0	1	2	1	0	0	1	0	0	0	0	10	0	0	0	0	0	0	0	0	0	0	0	0	0
Root;Bacteria;"Firmicutes";"Clostridia";Clostridiales;"Ruminococcaceae";Butyricicoccus;	8	5	2	0	0	1	0	0	0	0	0	0	0	0	0	0	0	0	0	0	0	0	0	0	0	0	0	0
Root;Bacteria;"Firmicutes";"Clostridia";Clostridiales;"Ruminococcaceae";Ethanoligenens;	1	0	0	0	0	0	0	0	0	0	0	0	0	0	1	0	0	0	0	0	0	0	0	0	0	0	0	0
Root;Bacteria;"Firmicutes";"Clostridia";Clostridiales;"Ruminococcaceae";Faecalibacterium;	1	0	0	0	0	0	0	0	0	0	0	0	0	0	0	0	0	0	0	0	0	0	0	0	0	0	0	1
Root;Bacteria;"Firmicutes";"Clostridia";Clostridiales;"Ruminococcaceae";Fastidiosipila;	20	2	1	0	0	0	0	0	0	1	0	0	15	0	0	0	0	0	0	0	0	0	0	0	0	0	1	0
Root;Bacteria;"Firmicutes";"Clostridia";Clostridiales;"Ruminococcaceae";Hydrogenoanaerobacterium;	4	1	1	0	0	0	1	0	0	0	0	0	0	0	0	0	0	0	0	0	0	0	0	0	0	0	1	0
Root;Bacteria;"Firmicutes";"Clostridia";Clostridiales;"Ruminococcaceae";Lactonifactor;	40	0	0	0	0	2	0	8	0	4	1	0	0	0	1	0	0	0	0	0	0	0	22	1	0	0	1	0
Root;Bacteria;"Firmicutes";"Clostridia";Clostridiales;"Ruminococcaceae";Oscillibacter;	12	10	0	0	0	0	0	0	0	0	0	0	0	0	1	0	0	0	0	0	0	0	0	0	0	0	1	0
Root;Bacteria;"Firmicutes";"Clostridia";Clostridiales;"Ruminococcaceae";Papillibacter;	221	31	100	0	0	12	74	0	0	0	0	0	0	0	0	0	0	0	1	1	0	0	0	0	0	0	2	0
Root;Bacteria;"Firmicutes";"Clostridia";Clostridiales;"Ruminococcaceae";Sporobacter;	6	4	0	0	0	0	0	0	0	0	0	0	0	0	2	0	0	0	0	0	0	0	0	0	0	0	0	0
Root;Bacteria;"Firmicutes";"Clostridia";Clostridiales;"Ruminococcaceae";Subdoligranulum;	1	0	0	0	0	0	0	0	0	1	0	0	0	0	0	0	0	0	0	0	0	0	0	0	0	0	0	0
Root;Bacteria;"Firmicutes";"Clostridia";Clostridiales;Clostridiaceae;Clostridiisalibacter;	2	0	0	0	0	0	0	0	0	2	0	0	0	0	0	0	0	0	0	0	0	0	0	0	0	0	0	0
Root;Bacteria;"Firmicutes";"Clostridia";Clostridiales;Clostridiaceae;Geosporobacter;	1	0	0	0	0	1	0	0	0	0	0	0	0	0	0	0	0	0	0	0	0	0	0	0	0	0	0	0
Root;Bacteria;"Firmicutes";"Clostridia";Clostridiales;Clostridiaceae;Oxobacter;	1	0	0	0	0	0	1	0	0	0	0	0	0	0	0	0	0	0	0	0	0	0	0	0	0	0	0	0
Root;Bacteria;"Firmicutes";"Clostridia";Clostridiales;Clostridiaceae;Thermotalea;	1	0	0	0	1	0	0	0	0	0	0	0	0	0	0	0	0	0	0	0	0	0	0	0	0	0	0	0
Root;Bacteria;"Firmicutes";"Clostridia";Clostridiales;Incertae_Sedis_XI;Anaerococcus;	550	1	6	0	20	10	1	13	0	129	8	5	293	0	57	0	0	0	0	1	0	0	1	2	1	0	2	0
Root;Bacteria;"Firmicutes";"Clostridia";Clostridiales;Incertae_Sedis_XI;Anaerosphaera;	1669	3	2	0	8	3	0	5	0	810	24	2	437	0	356	1	0	0	0	0	0	0	0	2	0	0	16	0
Root;Bacteria;"Firmicutes";"Clostridia";Clostridiales;Incertae_Sedis_XI;Finegoldia;	1697	14	2	0	1	17	1	53	0	52	32	26	1334	1	101	0	0	0	0	20	0	0	0	39	0	0	4	0
Root;Bacteria;"Firmicutes";"Clostridia";Clostridiales;Incertae_Sedis_XI;Gallicola;	13	0	0	0	0	0	0	0	0	4	2	0	6	0	0	0	0	0	0	0	0	0	0	0	0	0	1	0
Root;Bacteria;"Firmicutes";"Clostridia";Clostridiales;Incertae_Sedis_XI;Helcococcus;	86	0	0	0	0	0	0	0	0	0	22	0	64	0	0	0	0	0	0	0	0	0	0	0	0	0	0	0
Root;Bacteria;"Firmicutes";"Clostridia";Clostridiales;Incertae_Sedis_XI;Parvimonas;	143	3	26	0	0	1	32	0	1	2	0	0	0	0	0	0	0	0	0	0	0	0	8	0	0	0	70	0
Root;Bacteria;"Firmicutes";"Clostridia";Clostridiales;Incertae_Sedis_XI;Peptoniphilus;	1043	2	20	0	26	11	15	6	0	290	34	6	482	2	93	0	1	0	0	0	0	0	0	5	0	0	50	0
Root;Bacteria;"Firmicutes";"Clostridia";Clostridiales;Incertae_Sedis_XI;Soehngenia;	11	0	0	0	0	0	0	0	0	7	0	0	2	0	2	0	0	0	0	0	0	0	0	0	0	0	0	0
Root;Bacteria;"Firmicutes";"Clostridia";Clostridiales;Incertae_Sedis_XI;Sporanaerobacter;	76	0	1	0	0	0	0	1	0	14	1	0	28	0	27	0	0	0	0	0	1	0	0	0	0	0	3	0
Root;Bacteria;"Firmicutes";"Clostridia";Clostridiales;Incertae_Sedis_XI;Tepidimicrobium;	11	1	0	0	0	0	0	0	0	4	0	0	0	0	5	0	0	0	0	0	0	0	0	0	0	0	1	0
Root;Bacteria;"Firmicutes";"Clostridia";Clostridiales;Incertae_Sedis_XII;Fusibacter;	1	1	0	0	0	0	0	0	0	0	0	0	0	0	0	0	0	0	0	0	0	0	0	0	0	0	0	0
Root;Bacteria;"Firmicutes";"Clostridia";Clostridiales;Incertae_Sedis_XII;Guggenheimella;	3	0	0	0	0	0	0	0	0	0	0	0	0	0	3	0	0	0	0	0	0	0	0	0	0	0	0	0
Root;Bacteria;"Firmicutes";"Clostridia";Clostridiales;Incertae_Sedis_XIII;Anaerovorax;	13	1	0	0	0	0	0	0	0	1	0	0	2	0	9	0	0	0	0	0	0	0	0	0	0	0	0	0
Root;Bacteria;"Firmicutes";"Clostridia";Clostridiales;Incertae_Sedis_XIV;Blautia;	3	0	0	0	0	0	0	0	0	2	0	0	0	0	0	0	0	0	0	1	0	0	0	0	0	0	0	0
Root;Bacteria;"Firmicutes";"Clostridia";Clostridiales;Incertae_Sedis_XIV;Dethiosulfatibacter;	1	0	0	0	0	0	0	0	0	1	0	0	0	0	0	0	0	0	0	0	0	0	0	0	0	0	0	0
Root;Bacteria;"Firmicutes";"Clostridia";Clostridiales;Incertae_Sedis_XIV;Howardella;	381	1	5	0	1	12	1	51	0	19	6	0	103	0	37	1	0	0	0	0	0	0	137	2	0	0	4	1
Root;Bacteria;"Firmicutes";"Clostridia";Clostridiales;Incertae_Sedis_XIV;Proteiniborus;	1	0	0	0	0	0	0	0	0	0	0	0	0	0	0	0	0	0	0	0	0	0	0	0	1	0	0	0
Root;Bacteria;"Firmicutes";"Clostridia";Clostridiales;Incertae_Sedis_XVIII;Symbiobacterium;	2	0	0	0	0	0	0	0	0	0	0	0	0	0	0	0	0	0	0	0	0	0	0	0	2	0	0	0
Root;Bacteria;"Firmicutes";"Clostridia";Clostridiales;Peptococcaceae;Cryptanaerobacter;	2	0	0	0	0	0	0	0	0	0	2	0	0	0	0	0	0	0	0	0	0	0	0	0	0	0	0	0
Root;Bacteria;"Firmicutes";"Clostridia";Clostridiales;Peptococcaceae;Peptococcus;	6	0	1	0	0	0	0	0	0	2	0	1	0	0	2	0	0	0	0	0	0	0	0	0	0	0	0	0
Root;Bacteria;"Firmicutes";"Clostridia";Clostridiales;Syntrophomonadaceae;Syntrophothermus;	1	0	0	0	1	0	0	0	0	0	0	0	0	0	0	0	0	0	0	0	0	0	0	0	0	0	0	0
Root;Bacteria;"Firmicutes";"Clostridia";Clostridiales;Veillonellaceae;Acidaminococcus;	4	0	0	0	0	0	0	0	0	0	0	0	0	0	0	0	0	0	0	0	0	0	0	0	4	0	0	0
Root;Bacteria;"Firmicutes";"Clostridia";Clostridiales;Veillonellaceae;Allisonella;	180	14	3	0	0	8	3	3	2	10	3	0	107	0	6	0	0	3	0	0	0	0	7	3	0	0	8	0
Root;Bacteria;"Firmicutes";"Clostridia";Clostridiales;Veillonellaceae;Anaeroglobus;	131	2	9	0	0	30	1	31	1	1	0	0	2	0	0	0	0	27	0	0	0	0	19	1	0	0	7	0
Root;Bacteria;"Firmicutes";"Clostridia";Clostridiales;Veillonellaceae;Anaeromusa;	2	0	0	0	0	0	0	0	0	2	0	0	0	0	0	0	0	0	0	0	0	0	0	0	0	0	0	0
Root;Bacteria;"Firmicutes";"Clostridia";Clostridiales;Veillonellaceae;Anaerovibrio;	1	0	0	0	0	0	0	0	0	1	0	0	0	0	0	0	0	0	0	0	0	0	0	0	0	0	0	0
Root;Bacteria;"Firmicutes";"Clostridia";Clostridiales;Veillonellaceae;Dialister;	1522	27	72	0	2	48	157	25	0	58	37	3	558	0	457	1	0	0	0	2	1	0	26	9	0	0	38	1
Root;Bacteria;"Firmicutes";"Clostridia";Clostridiales;Veillonellaceae;Megasphaera;	2197	5	141	0	0	212	170	843	16	0	0	0	0	0	1	0	0	535	0	0	0	0	257	10	0	0	7	0
Root;Bacteria;"Firmicutes";"Clostridia";Clostridiales;Veillonellaceae;Schwartzia;	1	0	0	0	0	1	0	0	0	0	0	0	0	0	0	0	0	0	0	0	0	0	0	0	0	0	0	0
Root;Bacteria;"Firmicutes";"Clostridia";Clostridiales;Veillonellaceae;Sporotalea;	1	0	0	0	0	1	0	0	0	0	0	0	0	0	0	0	0	0	0	0	0	0	0	0	0	0	0	0
Root;Bacteria;"Firmicutes";"Clostridia";Clostridiales;Veillonellaceae;Veillonella;	19	0	1	0	1	3	0	0	0	0	0	0	0	0	0	0	1	0	0	0	0	1	1	9	2	0	0	0
Root;Bacteria;"Firmicutes";"Clostridia";Halanaerobiales;Halanaerobiaceae;Halocella;	2	0	0	0	0	0	0	0	0	0	0	0	0	2	0	0	0	0	0	0	0	0	0	0	0	0	0	0
Root;Bacteria;"Firmicutes";"Clostridia";Halanaerobiales;Halobacteroidaceae;Halanaerobaculum;	2	0	0	0	0	0	0	0	0	2	0	0	0	0	0	0	0	0	0	0	0	0	0	0	0	0	0	0
Root;Bacteria;"Firmicutes";"Erysipelotrichi";"Erysipelotrichales";Erysipelotrichaceae;Allobaculum;	2	0	0	0	0	0	0	0	0	0	0	0	1	0	0	0	0	0	0	1	0	0	0	0	0	0	0	0
Root;Bacteria;"Firmicutes";"Erysipelotrichi";"Erysipelotrichales";Erysipelotrichaceae;Bulleidia;	20	2	10	0	0	3	2	0	0	1	1	0	0	0	0	0	1	0	0	0	0	0	0	0	0	0	0	0
Root;Bacteria;"Firmicutes";"Erysipelotrichi";"Erysipelotrichales";Erysipelotrichaceae;Solobacterium;	7	0	0	0	0	0	0	0	0	6	0	0	0	0	0	0	0	0	0	0	0	0	0	0	0	0	1	0
Root;Bacteria;"Firmicutes";"Erysipelotrichi";"Erysipelotrichales";Erysipelotrichaceae;Turicibacter;	1	0	0	0	0	0	0	0	0	0	0	0	0	0	0	0	0	0	0	0	0	0	0	1	0	0	0	0
Root;Bacteria;"Fusobacteria";"Fusobacteria";"Fusobacteriales";"Fusobacteriaceae";Cetobacterium;	1	1	0	0	0	0	0	0	0	0	0	0	0	0	0	0	0	0	0	0	0	0	0	0	0	0	0	0
Root;Bacteria;"Fusobacteria";"Fusobacteria";"Fusobacteriales";"Fusobacteriaceae";Fusobacterium;	39	11	0	1	0	0	0	6	1	18	1	0	0	0	0	0	0	0	0	0	0	0	1	0	0	0	0	0
Root;Bacteria;"Fusobacteria";"Fusobacteria";"Fusobacteriales";"Leptotrichiaceae";Leptotrichia;	1	0	0	0	0	0	0	0	0	0	0	0	0	0	0	0	0	0	0	0	0	0	0	0	1	0	0	0
Root;Bacteria;"Fusobacteria";"Fusobacteria";"Fusobacteriales";"Leptotrichiaceae";Sebaldella;	3	0	0	0	0	0	0	0	0	0	0	0	0	0	0	0	0	1	0	0	0	0	2	0	0	0	0	0
Root;Bacteria;"Fusobacteria";"Fusobacteria";"Fusobacteriales";"Leptotrichiaceae";Sneathia;	956	24	240	0	0	443	200	1	0	1	1	1	0	0	0	0	0	0	0	0	0	0	1	0	0	0	44	0
Root;Bacteria;"Fusobacteria";"Fusobacteria";"Fusobacteriales";"Leptotrichiaceae";Streptobacillus;	3	0	0	0	0	0	0	0	0	1	0	0	0	0	0	0	0	1	0	0	0	0	0	0	0	0	1	0
Root;Bacteria;"Lentisphaerae";"Lentisphaeria";Lentisphaerales;"Lentisphaeraceae";Lentisphaera;	1	0	0	0	0	0	0	0	0	0	0	0	0	1	0	0	0	0	0	0	0	0	0	0	0	0	0	0
Root;Bacteria;"Lentisphaerae";"Lentisphaeria";Victivallales;"Victivallaceae";Victivallis;	1	0	0	0	0	0	0	0	0	0	0	0	0	1	0	0	0	0	0	0	0	0	0	0	0	0	0	0
Root;Bacteria;"Nitrospira";"Nitrospira";"Nitrospirales";"Nitrospiraceae";Nitrospira;	1	0	0	0	0	0	0	0	1	0	0	0	0	0	0	0	0	0	0	0	0	0	0	0	0	0	0	0
Root;Bacteria;"Planctomycetes";"Planctomycetacia";Planctomycetales;Planctomycetaceae;Blastopirellula;	1	0	0	0	0	0	0	0	0	1	0	0	0	0	0	0	0	0	0	0	0	0	0	0	0	0	0	0
Root;Bacteria;"Planctomycetes";"Planctomycetacia";Planctomycetales;Planctomycetaceae;Gemmata;	2	0	0	0	0	0	0	0	0	2	0	0	0	0	0	0	0	0	0	0	0	0	0	0	0	0	0	0
Root;Bacteria;"Planctomycetes";"Planctomycetacia";Planctomycetales;Planctomycetaceae;Schlesneria;	2	0	0	0	0	0	0	0	0	1	0	0	0	0	0	0	0	1	0	0	0	0	0	0	0	0	0	0
Root;Bacteria;"Planctomycetes";"Planctomycetacia";Planctomycetales;Planctomycetaceae;Singulisphaera;	2	0	0	0	0	0	0	0	0	1	0	1	0	0	0	0	0	0	0	0	0	0	0	0	0	0	0	0
Root;Bacteria;"Proteobacteria";Alphaproteobacteria;Caulobacterales;Caulobacteraceae;Caulobacter;	1	0	0	0	0	0	0	0	0	0	0	0	0	0	1	0	0	0	0	0	0	0	0	0	0	0	0	0
Root;Bacteria;"Proteobacteria";Alphaproteobacteria;Caulobacterales;Hyphomonadaceae;Hellea;	2	0	0	0	0	0	0	0	0	1	0	1	0	0	0	0	0	0	0	0	0	0	0	0	0	0	0	0
Root;Bacteria;"Proteobacteria";Alphaproteobacteria;Caulobacterales;Hyphomonadaceae;Maribaculum;	6	0	0	0	0	0	0	1	0	0	5	0	0	0	0	0	0	0	0	0	0	0	0	0	0	0	0	0
Root;Bacteria;"Proteobacteria";Alphaproteobacteria;Kiloniellales;Kiloniellaceae;Kiloniella;	1	0	0	0	0	0	0	1	0	0	0	0	0	0	0	0	0	0	0	0	0	0	0	0	0	0	0	0
Root;Bacteria;"Proteobacteria";Alphaproteobacteria;Rhodospirillales;Acetobacteraceae;Rhodovarius;	2	0	0	1	0	0	0	1	0	0	0	0	0	0	0	0	0	0	0	0	0	0	0	0	0	0	0	0
Root;Bacteria;"Proteobacteria";Alphaproteobacteria;Rickettsiales;SAR11;Pelagibacter;	1	0	0	0	0	0	0	0	0	0	0	1	0	0	0	0	0	0	0	0	0	0	0	0	0	0	0	0
Root;Bacteria;"Proteobacteria";Alphaproteobacteria;Sphingomonadales;Erythrobacteraceae;Porphyrobacter;	3	0	0	0	0	0	0	0	0	0	0	0	0	0	0	0	3	0	0	0	0	0	0	0	0	0	0	0
Root;Bacteria;"Proteobacteria";Alphaproteobacteria;Sphingomonadales;Sphingomonadaceae;Sphingomonas;	1	0	0	0	0	1	0	0	0	0	0	0	0	0	0	0	0	0	0	0	0	0	0	0	0	0	0	0
Root;Bacteria;"Proteobacteria";Alphaproteobacteria;Sphingomonadales;Sphingomonadaceae;Sphingopyxis;	1	0	0	0	0	1	0	0	0	0	0	0	0	0	0	0	0	0	0	0	0	0	0	0	0	0	0	0
Root;Bacteria;"Proteobacteria";Betaproteobacteria;"Procabacteriales";"Procabacteriaceae";"Procabacter";	3	0	0	0	0	0	0	0	0	1	0	1	0	1	0	0	0	0	0	0	0	0	0	0	0	0	0	0
Root;Bacteria;"Proteobacteria";Betaproteobacteria;Burkholderiales;Alcaligenaceae;Sutterella;	142	0	0	0	0	31	0	4	0	0	8	64	15	1	19	0	0	0	0	0	0	0	0	0	0	0	0	0
Root;Bacteria;"Proteobacteria";Betaproteobacteria;Burkholderiales;Burkholderiaceae;Thermothrix;	1	0	0	0	0	0	0	0	0	1	0	0	0	0	0	0	0	0	0	0	0	0	0	0	0	0	0	0
Root;Bacteria;"Proteobacteria";Betaproteobacteria;Burkholderiales;Burkholderiales_incertae_sedis;Aquabacterium;	2	0	0	0	0	0	0	0	0	0	0	0	0	0	2	0	0	0	0	0	0	0	0	0	0	0	0	0
Root;Bacteria;"Proteobacteria";Betaproteobacteria;Burkholderiales;Burkholderiales_incertae_sedis;Aquincola;	15	0	0	0	15	0	0	0	0	0	0	0	0	0	0	0	0	0	0	0	0	0	0	0	0	0	0	0
Root;Bacteria;"Proteobacteria";Betaproteobacteria;Burkholderiales;Comamonadaceae;Acidovorax;	1	0	0	0	0	0	0	0	0	0	0	0	0	0	1	0	0	0	0	0	0	0	0	0	0	0	0	0
Root;Bacteria;"Proteobacteria";Betaproteobacteria;Burkholderiales;Comamonadaceae;Alicycliphilus;	1	0	0	0	0	0	0	0	0	0	0	0	0	0	0	0	0	0	0	0	0	0	0	0	0	1	0	0
Root;Bacteria;"Proteobacteria";Betaproteobacteria;Burkholderiales;Comamonadaceae;Variovorax;	1	0	0	0	0	0	1	0	0	0	0	0	0	0	0	0	0	0	0	0	0	0	0	0	0	0	0	0
Root;Bacteria;"Proteobacteria";Betaproteobacteria;Burkholderiales;Oxalobacteraceae;Janthinobacterium;	1	0	1	0	0	0	0	0	0	0	0	0	0	0	0	0	0	0	0	0	0	0	0	0	0	0	0	0
Root;Bacteria;"Proteobacteria";Betaproteobacteria;Methylophilales;Methylophilaceae;Methylotenera;	1	0	0	0	0	0	0	0	0	1	0	0	0	0	0	0	0	0	0	0	0	0	0	0	0	0	0	0
Root;Bacteria;"Proteobacteria";Betaproteobacteria;Neisseriales;Neisseriaceae;Bergeriella;	4	0	0	0	1	0	0	1	0	1	0	1	0	0	0	0	0	0	0	0	0	0	0	0	0	0	0	0
Root;Bacteria;"Proteobacteria";Betaproteobacteria;Neisseriales;Neisseriaceae;Microvirgula;	1	0	0	0	0	0	0	0	0	0	0	0	0	0	0	0	0	0	0	1	0	0	0	0	0	0	0	0
Root;Bacteria;"Proteobacteria";Betaproteobacteria;Neisseriales;Neisseriaceae;Neisseria;	2	0	0	0	0	0	0	0	0	0	0	0	0	0	0	0	0	0	1	0	0	0	0	0	1	0	0	0
Root;Bacteria;"Proteobacteria";Betaproteobacteria;Neisseriales;Neisseriaceae;Simonsiella;	1	0	0	0	0	0	0	0	0	0	0	0	0	0	0	0	0	0	0	0	0	0	0	1	0	0	0	0
Root;Bacteria;"Proteobacteria";Deltaproteobacteria;Desulfobacterales;Desulfobacteraceae;Desulfatirhabdium;	3	0	0	0	1	0	0	0	0	2	0	0	0	0	0	0	0	0	0	0	0	0	0	0	0	0	0	0
Root;Bacteria;"Proteobacteria";Deltaproteobacteria;Desulfobacterales;Desulfobulbaceae;Desulfofustis;	1	0	0	0	0	0	0	0	0	0	0	0	0	0	0	0	0	0	1	0	0	0	0	0	0	0	0	0
Root;Bacteria;"Proteobacteria";Deltaproteobacteria;Desulfovibrionales;Desulfovibrionaceae;Bilophila;	3	0	0	0	0	0	0	0	0	0	0	0	0	0	0	0	0	0	0	0	0	0	3	0	0	0	0	0
Root;Bacteria;"Proteobacteria";Deltaproteobacteria;Desulfovibrionales;Desulfovibrionaceae;Lawsonia;	2	0	0	0	0	0	0	0	0	0	1	0	0	0	0	0	0	0	0	0	0	0	0	0	1	0	0	0
Root;Bacteria;"Proteobacteria";Deltaproteobacteria;Desulfurellales;Desulfurellaceae;Hippea;	1	0	0	0	0	0	0	0	0	1	0	0	0	0	0	0	0	0	0	0	0	0	0	0	0	0	0	0
Root;Bacteria;"Proteobacteria";Deltaproteobacteria;Myxococcales;Nannocystaceae;Plesiocystis;	1	0	0	0	0	0	0	0	0	0	0	0	0	0	0	0	0	0	0	0	0	0	0	0	0	0	1	0
Root;Bacteria;"Proteobacteria";Deltaproteobacteria;Myxococcales;Polyangiaceae;Chondromyces;	1	0	0	0	0	0	0	0	0	1	0	0	0	0	0	0	0	0	0	0	0	0	0	0	0	0	0	0
Root;Bacteria;"Proteobacteria";Deltaproteobacteria;Myxococcales;Polyangiaceae;Sorangium;	1	0	0	0	0	0	0	0	0	0	0	1	0	0	0	0	0	0	0	0	0	0	0	0	0	0	0	0
Root;Bacteria;"Proteobacteria";Epsilonproteobacteria;Campylobacterales;"Hydrogenimonaceae";Hydrogenimonas;	1	0	0	0	0	0	0	0	0	1	0	0	0	0	0	0	0	0	0	0	0	0	0	0	0	0	0	0
Root;Bacteria;"Proteobacteria";Epsilonproteobacteria;Campylobacterales;Campylobacteraceae;Campylobacter;	916	1	0	0	0	6	0	9	3	46	42	3	336	0	455	8	0	0	0	2	1	0	0	0	0	0	4	0
Root;Bacteria;"Proteobacteria";Epsilonproteobacteria;Campylobacterales;Helicobacteraceae;Sulfurovum;	3	0	0	0	0	0	0	0	0	1	1	0	0	1	0	0	0	0	0	0	0	0	0	0	0	0	0	0
Root;Bacteria;"Proteobacteria";Epsilonproteobacteria;Campylobacterales;Helicobacteraceae;Wolinella;	8	0	0	0	0	0	0	0	0	0	0	2	0	2	1	0	0	0	1	0	0	0	0	0	2	0	0	0
Root;Bacteria;"Proteobacteria";Epsilonproteobacteria;Nautiliales;Nautiliaceae;Nitratifractor;	1	0	0	0	0	0	0	0	0	0	0	0	0	0	1	0	0	0	0	0	0	0	0	0	0	0	0	0
Root;Bacteria;"Proteobacteria";Gammaproteobacteria;"Enterobacteriales";Enterobacteriaceae;Escherichia/Shigella;	20	0	1	0	0	0	0	0	0	0	0	1	14	0	0	3	0	0	0	0	0	0	1	0	0	0	0	0
Root;Bacteria;"Proteobacteria";Gammaproteobacteria;"Enterobacteriales";Enterobacteriaceae;Hafnia;	2	0	0	0	0	0	0	0	0	0	0	0	0	1	1	0	0	0	0	0	0	0	0	0	0	0	0	0
Root;Bacteria;"Proteobacteria";Gammaproteobacteria;"Enterobacteriales";Enterobacteriaceae;Proteus;	1	0	0	0	0	0	0	0	0	0	0	0	0	0	0	0	1	0	0	0	0	0	0	0	0	0	0	0
Root;Bacteria;"Proteobacteria";Gammaproteobacteria;"Enterobacteriales";Enterobacteriaceae;Samsonia;	1	0	0	0	0	0	0	0	0	0	0	0	0	0	0	0	0	0	0	0	0	1	0	0	0	0	0	0
Root;Bacteria;"Proteobacteria";Gammaproteobacteria;"Enterobacteriales";Enterobacteriaceae;Sodalis;	2	0	0	0	1	0	0	0	0	0	0	0	0	0	1	0	0	0	0	0	0	0	0	0	0	0	0	0
Root;Bacteria;"Proteobacteria";Gammaproteobacteria;"Enterobacteriales";Enterobacteriaceae;Tatumella;	1	0	0	0	0	0	0	0	0	0	0	0	0	0	0	0	0	0	0	0	0	1	0	0	0	0	0	0
Root;Bacteria;"Proteobacteria";Gammaproteobacteria;Aeromonadales;Succinivibrionaceae;Succinivibrio;	1	0	0	0	0	0	0	0	0	0	0	0	0	0	0	0	0	0	0	0	0	0	0	1	0	0	0	0
Root;Bacteria;"Proteobacteria";Gammaproteobacteria;Cardiobacteriales;Cardiobacteriaceae;Dichelobacter;	1	0	0	0	0	0	0	0	0	0	0	0	0	0	0	0	0	0	0	0	0	0	0	1	0	0	0	0
Root;Bacteria;"Proteobacteria";Gammaproteobacteria;Chromatiales;Halothiobacillaceae;Thioalkalibacter;	4	0	0	0	0	0	0	0	0	0	2	2	0	0	0	0	0	0	0	0	0	0	0	0	0	0	0	0
Root;Bacteria;"Proteobacteria";Gammaproteobacteria;Pasteurellales;Pasteurellaceae;Haemophilus;	3	0	0	0	0	0	0	0	0	0	0	0	0	0	0	0	0	0	2	0	0	0	0	0	1	0	0	0
Root;Bacteria;"Proteobacteria";Gammaproteobacteria;Pasteurellales;Pasteurellaceae;Phocoenobacter;	3	0	0	0	0	0	0	0	0	0	0	0	0	0	0	0	0	0	1	0	0	2	0	0	0	0	0	0
Root;Bacteria;"Proteobacteria";Gammaproteobacteria;Thiotrichales;Piscirickettsiaceae;Piscirickettsia;	1	0	0	0	0	0	1	0	0	0	0	0	0	0	0	0	0	0	0	0	0	0	0	0	0	0	0	0
Root;Bacteria;"Proteobacteria";Gammaproteobacteria;Xanthomonadales;Xanthomonadaceae;Stenotrophomonas;	2	0	0	0	0	0	1	0	0	1	0	0	0	0	0	0	0	0	0	0	0	0	0	0	0	0	0	0
Root;Bacteria;"Spirochaetes";Spirochaetes;Spirochaetales;Leptospiraceae;Turneriella;	1	0	0	0	0	0	0	0	0	0	0	0	0	0	0	0	0	0	1	0	0	0	0	0	0	0	0	0
Root;Bacteria;"Synergistetes";Synergistia;Synergistales;Synergistaceae;Jonquetella;	1	0	0	0	0	0	0	0	0	0	1	0	0	0	0	0	0	0	0	0	0	0	0	0	0	0	0	0
Root;Bacteria;"Synergistetes";Synergistia;Synergistales;Synergistaceae;Pyramidobacter;	8	0	0	0	0	0	0	0	0	0	0	0	0	0	8	0	0	0	0	0	0	0	0	0	0	0	0	0
Root;Bacteria;"Tenericutes";Mollicutes;Anaeroplasmatales;Anaeroplasmataceae;Asteroleplasma;	3	0	0	1	0	0	0	0	0	1	0	0	0	0	0	0	0	0	0	0	0	0	0	0	0	0	1	0
Root;Bacteria;"Tenericutes";Mollicutes;Haloplasmatales;Haloplasmataceae;Haloplasma;	5	0	0	0	0	0	0	0	0	0	0	2	0	0	1	0	1	0	0	0	0	0	0	0	1	0	0	0
Root;Bacteria;"Tenericutes";Mollicutes;Mycoplasmatales;Mycoplasmataceae;Mycoplasma;	315	0	5	0	0	0	9	4	0	0	0	0	1	0	1	0	0	0	1	0	0	0	0	0	0	0	294	0
Root;Bacteria;"Tenericutes";Mollicutes;Mycoplasmatales;Mycoplasmataceae;Ureaplasma;	192	0	0	23	0	0	0	47	0	0	48	23	0	0	1	0	2	38	0	0	0	0	0	1	8	0	1	0
Root;Bacteria;"Thermodesulfobacteria";Thermodesulfobacteria;Thermodesulfobacteriales;Thermodesulfobacteriaceae;Thermodesulfatator;	1	0	0	0	0	0	0	0	0	0	0	0	0	0	0	0	0	1	0	0	0	0	0	0	0	0	0	0
Root;Bacteria;"Thermotogae";Thermotogae;Thermotogales;Thermotogaceae;Geotoga;	1	0	0	0	0	0	0	0	0	0	1	0	0	0	0	0	0	0	0	0	0	0	0	0	0	0	0	0
Root;Bacteria;Cyanobacteria;Cyanobacteria;Chloroplast;Chlorarachniophyceae;Chlorarachniophyceae_unclassified;	2	0	0	0	0	0	0	0	0	0	0	1	1	0	0	0	0	0	0	0	0	0	0	0	0	0	0	0
Root;Bacteria;TM7;TM7_genera_incertae_sedis;TM7_genera_incertae_sedis_unclassified;TM7_genera_incertae_sedis_unclassified;TM7_genera_incertae_sedis_unclassified;	1	0	0	0	0	1	0	0	0	0	0	0	0	0	0	0	0	0	0	0	0	0	0	0	0	0	0	0
