taxonomy	total	HMP2	HMP2_J00855	HMP2_J00862	HMP2_J05387	HMP2_J05404	HMP2_J05418	HMP2_J08167	HMP2_J09115	HMP2_J09130	HMP2_J09142	HMP2_J28604	HMP2_J28612	HMP2_J28640	HMP2_J28648	HMP2_J28663	HMP2_J43814	HMP2_J45092	HMP2_J45114	HMP2_J45119_19	HMP2_J45282	HMP2_J45335	HMP2_J45341	HMP2_J45349	HMP2_J45353	HMP2_J45382	HMP2_J45507	HMP2_J45509	HMP2_J45529	HMP2_J45568	HMP2_J45593	HMP2_J45620	HMP2_J45643	HMP2_J79909	HMP2_J80109
Root	136514	1322	2455	3300	2890	5426	8514	720	287	125	276	2058	3417	1899	8095	1746	211	3103	3984	16372	5278	1444	1625	436	654	829	3551	9931	17140	18798	720	2083	2229	2853	2743
Root;Bacteria;"Actinobacteria";Actinobacteria;Actinobacteria_unclassified;Actinobacteria_unclassified;Actinobacteria_unclassified;	3	0	0	0	1	1	1	0	0	0	0	0	0	0	0	0	0	0	0	0	0	0	0	0	0	0	0	0	0	0	0	0	0	0	0
Root;Bacteria;"Actinobacteria";Actinobacteria;Actinomycetales;Actinomycetaceae;Actinomyces;	3	0	0	2	0	0	0	0	0	0	0	0	0	0	0	0	0	0	0	0	0	0	0	0	0	0	0	0	0	0	0	1	0	0	0
Root;Bacteria;"Actinobacteria";Actinobacteria;Actinomycetales;Corynebacteriaceae;Corynebacterium;	1	0	0	0	0	0	1	0	0	0	0	0	0	0	0	0	0	0	0	0	0	0	0	0	0	0	0	0	0	0	0	0	0	0	0
Root;Bacteria;"Actinobacteria";Actinobacteria;Actinomycetales;Micrococcaceae;Rothia;	1	0	0	0	0	1	0	0	0	0	0	0	0	0	0	0	0	0	0	0	0	0	0	0	0	0	0	0	0	0	0	0	0	0	0
Root;Bacteria;"Actinobacteria";Actinobacteria;Actinomycetales;Propionibacteriaceae;Propionibacterium;	2	0	0	0	0	2	0	0	0	0	0	0	0	0	0	0	0	0	0	0	0	0	0	0	0	0	0	0	0	0	0	0	0	0	0
Root;Bacteria;"Actinobacteria";Actinobacteria;Bifidobacteriales;Bifidobacteriaceae;Bifidobacteriaceae_unclassified;	1	0	0	0	0	1	0	0	0	0	0	0	0	0	0	0	0	0	0	0	0	0	0	0	0	0	0	0	0	0	0	0	0	0	0
Root;Bacteria;"Actinobacteria";Actinobacteria;Bifidobacteriales;Bifidobacteriaceae;Bifidobacterium;	17	0	0	0	0	10	7	0	0	0	0	0	0	0	0	0	0	0	0	0	0	0	0	0	0	0	0	0	0	0	0	0	0	0	0
Root;Bacteria;"Actinobacteria";Actinobacteria;Coriobacteriales;Coriobacteriaceae;Asaccharobacter;	13	0	0	0	1	0	10	0	0	0	0	1	0	0	0	0	0	0	1	0	0	0	0	0	0	0	0	0	0	0	0	0	0	0	0
Root;Bacteria;"Actinobacteria";Actinobacteria;Coriobacteriales;Coriobacteriaceae;Atopobium;	2	0	0	0	0	0	2	0	0	0	0	0	0	0	0	0	0	0	0	0	0	0	0	0	0	0	0	0	0	0	0	0	0	0	0
Root;Bacteria;"Actinobacteria";Actinobacteria;Coriobacteriales;Coriobacteriaceae;Collinsella;	89	0	0	2	3	6	0	0	0	0	0	0	0	0	0	0	0	0	0	0	5	0	0	0	0	1	5	8	25	30	2	0	0	0	2
Root;Bacteria;"Actinobacteria";Actinobacteria;Coriobacteriales;Coriobacteriaceae;Coriobacteriaceae_unclassified;	220	0	0	0	10	155	17	0	0	0	0	0	0	0	0	0	0	0	2	3	2	1	0	0	0	2	1	3	13	6	4	0	1	0	0
Root;Bacteria;"Actinobacteria";Actinobacteria;Coriobacteriales;Coriobacteriaceae;Eggerthella;	20	0	0	0	0	6	4	0	0	0	0	0	0	0	0	0	0	0	0	2	0	0	0	0	1	0	1	0	4	1	1	0	0	0	0
Root;Bacteria;"Actinobacteria";Actinobacteria;Coriobacteriales;Coriobacteriaceae;Gordonibacter;	5	0	0	0	1	1	0	0	0	0	0	0	0	0	0	0	0	0	0	0	0	0	0	0	0	0	0	0	1	0	1	0	0	0	1
Root;Bacteria;"Actinobacteria";Actinobacteria;Coriobacteriales;Coriobacteriaceae;Olsenella;	2	0	0	0	0	0	0	0	0	0	0	0	0	0	0	0	0	0	0	0	0	0	0	0	0	0	0	0	0	2	0	0	0	0	0
Root;Bacteria;"Actinobacteria";Actinobacteria;Coriobacteriales;Coriobacteriaceae;Slackia;	6	0	1	0	0	0	0	0	0	0	0	0	0	0	0	0	0	0	0	0	0	1	0	0	0	0	1	0	3	0	0	0	0	0	0
Root;Bacteria;"Bacteroidetes";"Bacteroidetes"_unclassified;"Bacteroidetes"_unclassified;"Bacteroidetes"_unclassified;"Bacteroidetes"_unclassified;	228	1	1	4	12	8	2	33	1	4	5	0	2	5	11	0	3	4	9	95	1	5	1	2	0	3	0	3	1	0	4	0	3	5	0
Root;Bacteria;"Bacteroidetes";"Bacteroidia";"Bacteroidales";"Bacteroidales"_unclassified;"Bacteroidales"_unclassified;	988	11	7	8	12	17	7	13	9	5	6	8	11	25	145	7	0	17	28	399	31	7	1	5	4	1	5	85	36	23	0	13	6	5	31
Root;Bacteria;"Bacteroidetes";"Bacteroidia";"Bacteroidales";"Porphyromonadaceae";"Porphyromonadaceae"_unclassified;	962	1	0	5	0	1	0	4	0	0	1	1	0	1	5	0	0	5	0	860	0	7	0	17	1	8	0	1	21	1	0	4	4	2	12
Root;Bacteria;"Bacteroidetes";"Bacteroidia";"Bacteroidales";"Porphyromonadaceae";Barnesiella;	856	0	0	35	46	0	31	0	2	0	0	2	0	0	25	0	0	0	5	337	0	0	0	0	0	2	9	28	309	0	2	0	21	1	1
Root;Bacteria;"Bacteroidetes";"Bacteroidia";"Bacteroidales";"Porphyromonadaceae";Butyricimonas;	43	0	0	0	1	0	0	0	0	0	0	1	0	1	8	0	0	0	3	11	0	0	0	0	0	0	0	4	12	0	0	0	0	0	2
Root;Bacteria;"Bacteroidetes";"Bacteroidia";"Bacteroidales";"Porphyromonadaceae";Odoribacter;	335	0	0	3	23	9	1	1	1	0	2	2	3	6	33	7	2	0	15	108	0	1	0	0	0	0	0	20	61	1	0	0	2	34	0
Root;Bacteria;"Bacteroidetes";"Bacteroidia";"Bacteroidales";"Porphyromonadaceae";Parabacteroides;	2712	84	119	72	66	83	26	7	1	0	3	32	50	14	275	3	0	111	136	524	19	68	0	11	14	10	0	249	572	16	6	14	59	45	23
Root;Bacteria;"Bacteroidetes";"Bacteroidia";"Bacteroidales";"Prevotellaceae";"Prevotellaceae"_unclassified;	184	0	0	0	0	3	0	0	0	0	0	0	0	0	159	0	0	0	13	1	0	0	0	0	2	0	0	4	2	0	0	0	0	0	0
Root;Bacteria;"Bacteroidetes";"Bacteroidia";"Bacteroidales";"Prevotellaceae";Hallella;	1	0	0	0	0	0	0	0	0	1	0	0	0	0	0	0	0	0	0	0	0	0	0	0	0	0	0	0	0	0	0	0	0	0	0
Root;Bacteria;"Bacteroidetes";"Bacteroidia";"Bacteroidales";"Prevotellaceae";Paraprevotella;	484	0	0	10	10	0	0	4	0	0	2	0	67	0	0	0	0	0	41	135	0	0	0	0	1	0	50	164	0	0	0	0	0	0	0
Root;Bacteria;"Bacteroidetes";"Bacteroidia";"Bacteroidales";"Prevotellaceae";Prevotella;	1573	0	30	0	0	514	0	0	0	47	0	0	0	0	16	0	0	0	17	0	0	0	0	0	278	0	0	184	487	0	0	0	0	0	0
Root;Bacteria;"Bacteroidetes";"Bacteroidia";"Bacteroidales";"Rikenellaceae";"Rikenellaceae"_unclassified;	26	0	0	1	0	1	0	2	0	0	0	1	0	0	1	0	0	0	1	10	0	0	0	0	0	0	0	4	4	0	0	1	0	0	0
Root;Bacteria;"Bacteroidetes";"Bacteroidia";"Bacteroidales";"Rikenellaceae";Alistipes;	2873	24	17	28	54	44	10	13	3	0	4	35	23	273	444	84	3	16	82	251	27	122	0	3	4	32	60	51	270	6	46	71	233	425	115
Root;Bacteria;"Bacteroidetes";"Bacteroidia";"Bacteroidales";Bacteroidaceae;Bacteroides;	37567	396	256	155	517	1027	415	164	123	8	41	1133	2501	1480	6218	1475	157	1788	1319	4781	562	99	788	159	46	24	2090	4522	761	199	12	939	181	1611	1620
Root;Bacteria;"Firmicutes";"Bacilli";"Lactobacillales";"Carnobacteriaceae";Dolosigranulum;	1	0	0	0	0	1	0	0	0	0	0	0	0	0	0	0	0	0	0	0	0	0	0	0	0	0	0	0	0	0	0	0	0	0	0
Root;Bacteria;"Firmicutes";"Bacilli";"Lactobacillales";"Carnobacteriaceae";Granulicatella;	4	0	0	0	0	0	1	0	0	0	0	0	0	0	0	0	0	0	0	0	0	0	0	0	0	0	0	0	0	3	0	0	0	0	0
Root;Bacteria;"Firmicutes";"Bacilli";"Lactobacillales";"Lactobacillales"_unclassified;"Lactobacillales"_unclassified;	4	0	0	0	0	2	0	0	0	0	0	0	0	0	0	0	0	1	0	0	0	0	0	0	0	0	0	0	0	0	0	1	0	0	0
Root;Bacteria;"Firmicutes";"Bacilli";"Lactobacillales";"Leuconostocaceae";Leuconostoc;	1	0	0	0	0	0	1	0	0	0	0	0	0	0	0	0	0	0	0	0	0	0	0	0	0	0	0	0	0	0	0	0	0	0	0
Root;Bacteria;"Firmicutes";"Bacilli";"Lactobacillales";Lactobacillaceae;Lactobacillus;	30	0	1	0	0	1	0	0	0	0	0	0	0	0	0	0	0	1	0	0	0	0	0	0	0	0	0	3	0	0	0	24	0	0	0
Root;Bacteria;"Firmicutes";"Bacilli";"Lactobacillales";Streptococcaceae;Lactococcus;	2	0	0	0	0	0	2	0	0	0	0	0	0	0	0	0	0	0	0	0	0	0	0	0	0	0	0	0	0	0	0	0	0	0	0
Root;Bacteria;"Firmicutes";"Bacilli";"Lactobacillales";Streptococcaceae;Streptococcus;	145	0	0	5	1	42	29	0	0	0	0	0	0	0	1	0	0	22	1	2	1	0	1	0	0	0	1	0	9	14	0	15	0	0	1
Root;Bacteria;"Firmicutes";"Bacilli";Bacillales;"Staphylococcaceae";Gemella;	8	0	0	4	0	0	2	0	0	0	0	0	0	0	0	0	0	0	0	0	0	0	1	0	0	0	0	0	0	1	0	0	0	0	0
Root;Bacteria;"Firmicutes";"Bacilli";Bacillales;"Staphylococcaceae";Staphylococcus;	2	0	0	0	0	0	1	0	0	0	0	0	1	0	0	0	0	0	0	0	0	0	0	0	0	0	0	0	0	0	0	0	0	0	0
Root;Bacteria;"Firmicutes";"Bacilli";Bacillales;Bacillaceae;Bacillus;	1	0	0	0	0	0	0	0	0	0	0	0	0	0	0	0	0	0	0	0	0	0	0	0	0	0	0	1	0	0	0	0	0	0	0
Root;Bacteria;"Firmicutes";"Clostridia";"Clostridia"_unclassified;"Clostridia"_unclassified;"Clostridia"_unclassified;	300	2	4	9	6	16	6	3	0	0	0	5	0	0	0	0	0	0	7	103	3	0	0	0	0	26	3	2	7	0	13	2	72	8	3
Root;Bacteria;"Firmicutes";"Clostridia";Clostridiales;"Eubacteriaceae";Eubacterium;	420	10	16	1	1	5	0	0	0	0	0	1	8	0	0	0	0	8	8	9	16	0	2	1	0	0	0	77	2	247	1	2	1	0	4
Root;Bacteria;"Firmicutes";"Clostridia";Clostridiales;"Lachnospiraceae";"Lachnospiraceae"_unclassified;	18286	141	299	873	412	574	1578	30	24	10	40	260	228	7	45	28	13	393	334	1807	463	185	150	74	109	92	422	780	3950	4042	35	250	296	141	201
Root;Bacteria;"Firmicutes";"Clostridia";Clostridiales;"Lachnospiraceae";Anaerostipes;	2	0	0	0	1	0	0	0	0	0	0	0	0	0	0	0	0	0	0	0	0	0	0	0	0	0	0	0	0	1	0	0	0	0	0
Root;Bacteria;"Firmicutes";"Clostridia";Clostridiales;"Lachnospiraceae";Butyrivibrio;	1	0	0	0	0	0	0	0	0	0	0	0	0	0	0	0	0	0	0	1	0	0	0	0	0	0	0	0	0	0	0	0	0	0	0
Root;Bacteria;"Firmicutes";"Clostridia";Clostridiales;"Lachnospiraceae";Coprococcus;	1637	9	10	0	18	59	27	4	3	1	5	4	12	2	0	2	0	4	76	82	73	2	0	1	0	1	29	70	11	1084	1	0	3	18	26
Root;Bacteria;"Firmicutes";"Clostridia";Clostridiales;"Lachnospiraceae";Dorea;	1671	16	70	25	44	237	215	1	4	0	3	6	9	5	2	3	0	15	36	76	83	6	0	3	5	2	39	55	390	279	1	11	11	11	8
Root;Bacteria;"Firmicutes";"Clostridia";Clostridiales;"Lachnospiraceae";Parasporobacterium;	1	0	1	0	0	0	0	0	0	0	0	0	0	0	0	0	0	0	0	0	0	0	0	0	0	0	0	0	0	0	0	0	0	0	0
Root;Bacteria;"Firmicutes";"Clostridia";Clostridiales;"Lachnospiraceae";Pseudobutyrivibrio;	1	0	0	0	0	0	0	0	0	0	0	0	0	0	0	0	0	0	0	0	0	0	0	0	0	0	0	0	1	0	0	0	0	0	0
Root;Bacteria;"Firmicutes";"Clostridia";Clostridiales;"Lachnospiraceae";Robinsoniella;	4	0	0	0	0	0	0	1	0	0	0	0	0	0	0	0	0	0	0	0	0	1	1	0	0	0	0	1	0	0	0	0	0	0	0
Root;Bacteria;"Firmicutes";"Clostridia";Clostridiales;"Lachnospiraceae";Roseburia;	6052	172	77	171	134	85	239	2	0	2	4	63	71	0	25	20	4	36	131	395	154	59	8	3	22	1	61	1049	1524	1218	1	89	86	31	115
Root;Bacteria;"Firmicutes";"Clostridia";Clostridiales;"Lachnospiraceae";Syntrophococcus;	1	0	0	0	0	0	0	0	0	0	0	0	0	0	0	0	0	0	0	0	0	0	0	0	0	0	0	0	0	1	0	0	0	0	0
Root;Bacteria;"Firmicutes";"Clostridia";Clostridiales;"Peptostreptococcaceae";"Peptostreptococcaceae"_unclassified;	430	0	0	0	2	7	364	2	3	0	0	0	0	0	0	0	0	1	0	1	0	0	23	0	0	5	10	3	0	4	3	1	0	0	1
Root;Bacteria;"Firmicutes";"Clostridia";Clostridiales;"Peptostreptococcaceae";Sporacetigenium;	1497	0	0	17	38	21	1325	1	4	0	0	0	0	0	0	0	0	2	0	1	3	0	6	1	1	8	10	5	3	25	23	1	2	0	0
Root;Bacteria;"Firmicutes";"Clostridia";Clostridiales;"Ruminococcaceae";"Ruminococcaceae"_unclassified;	4708	39	96	190	166	162	510	1	17	0	3	93	5	3	5	12	2	27	90	836	240	177	8	12	18	83	87	243	352	765	226	23	148	28	41
Root;Bacteria;"Firmicutes";"Clostridia";Clostridiales;"Ruminococcaceae";Acetanaerobacterium;	3	0	0	1	0	0	0	0	0	0	0	0	0	0	0	0	0	0	0	0	0	0	0	0	0	0	0	0	2	0	0	0	0	0	0
Root;Bacteria;"Firmicutes";"Clostridia";Clostridiales;"Ruminococcaceae";Anaerofilum;	6	0	1	0	0	0	0	0	0	0	0	1	0	0	0	0	0	0	1	0	0	0	0	0	0	0	0	0	2	0	0	0	1	0	0
Root;Bacteria;"Firmicutes";"Clostridia";Clostridiales;"Ruminococcaceae";Anaerotruncus;	35	1	1	6	1	1	0	0	0	0	0	1	0	0	1	0	0	0	2	2	1	1	0	0	1	2	5	0	5	0	1	2	1	0	0
Root;Bacteria;"Firmicutes";"Clostridia";Clostridiales;"Ruminococcaceae";Butyricicoccus;	173	1	5	1	8	19	49	2	0	0	0	2	3	1	0	0	0	1	5	3	6	0	6	0	0	0	7	7	22	20	0	1	1	0	3
Root;Bacteria;"Firmicutes";"Clostridia";Clostridiales;"Ruminococcaceae";Faecalibacterium;	9148	39	18	166	126	89	72	7	1	6	10	116	39	2	10	21	4	165	322	825	2075	235	0	18	7	27	83	998	1781	1276	10	279	168	86	67
Root;Bacteria;"Firmicutes";"Clostridia";Clostridiales;"Ruminococcaceae";Lactonifactor;	19	0	0	0	0	0	0	1	0	0	0	0	0	1	1	0	0	0	0	0	1	0	0	0	0	0	0	0	5	10	0	0	0	0	0
Root;Bacteria;"Firmicutes";"Clostridia";Clostridiales;"Ruminococcaceae";Oscillibacter;	2081	16	38	143	86	56	41	2	5	0	1	48	2	0	8	3	0	24	139	787	32	99	2	37	9	96	13	60	74	15	39	22	130	34	20
Root;Bacteria;"Firmicutes";"Clostridia";Clostridiales;"Ruminococcaceae";Ruminococcus;	3629	98	10	199	0	0	1	2	5	5	1	0	0	2	3	0	0	31	20	2	656	80	0	0	15	8	54	160	3	2181	1	18	12	15	47
Root;Bacteria;"Firmicutes";"Clostridia";Clostridiales;"Ruminococcaceae";Subdoligranulum;	3920	17	62	73	215	226	161	1	3	3	0	61	1	1	8	5	1	0	13	137	80	7	0	0	4	7	15	75	1707	842	5	0	164	9	17
Root;Bacteria;"Firmicutes";"Clostridia";Clostridiales;Clostridiaceae;Anaerobacter;	2	0	0	0	0	0	1	0	1	0	0	0	0	0	0	0	0	0	0	0	0	0	0	0	0	0	0	0	0	0	0	0	0	0	0
Root;Bacteria;"Firmicutes";"Clostridia";Clostridiales;Clostridiaceae;Clostridiaceae_unclassified;	17	0	0	0	0	0	5	0	0	0	0	0	0	0	0	0	0	0	0	0	0	0	0	0	0	0	0	0	10	1	1	0	0	0	0
Root;Bacteria;"Firmicutes";"Clostridia";Clostridiales;Clostridiaceae;Clostridium;	246	0	0	0	1	0	57	0	0	0	0	2	0	0	0	0	0	0	1	0	20	0	0	0	0	0	13	0	133	18	1	0	0	0	0
Root;Bacteria;"Firmicutes";"Clostridia";Clostridiales;Clostridiales_unclassified;Clostridiales_unclassified;	11613	89	177	504	256	438	1399	48	23	8	17	77	63	10	60	23	5	163	403	1269	498	118	483	24	39	245	200	482	1740	2088	71	80	375	46	92
Root;Bacteria;"Firmicutes";"Clostridia";Clostridiales;Incertae_Sedis_XI;Finegoldia;	1	0	0	0	0	0	0	0	0	0	0	0	0	0	0	0	0	0	0	0	0	0	0	0	0	0	0	0	0	1	0	0	0	0	0
Root;Bacteria;"Firmicutes";"Clostridia";Clostridiales;Incertae_Sedis_XI;Parvimonas;	1	0	0	1	0	0	0	0	0	0	0	0	0	0	0	0	0	0	0	0	0	0	0	0	0	0	0	0	0	0	0	0	0	0	0
Root;Bacteria;"Firmicutes";"Clostridia";Clostridiales;Incertae_Sedis_XI;Peptoniphilus;	1	0	0	0	0	0	0	0	0	0	0	0	0	0	0	0	0	0	0	0	0	0	0	0	0	0	0	0	0	1	0	0	0	0	0
Root;Bacteria;"Firmicutes";"Clostridia";Clostridiales;Incertae_Sedis_XIII;Anaerovorax;	48	1	1	10	8	4	5	1	0	0	0	1	0	0	0	0	0	0	2	6	0	1	0	0	1	2	0	2	0	0	1	0	0	0	2
Root;Bacteria;"Firmicutes";"Clostridia";Clostridiales;Incertae_Sedis_XIII;Incertae_Sedis_XIII_unclassified;	34	1	2	2	4	5	9	0	0	0	0	0	0	0	0	0	0	0	0	4	0	0	0	0	0	1	0	0	1	0	5	0	0	0	0
Root;Bacteria;"Firmicutes";"Clostridia";Clostridiales;Incertae_Sedis_XIII;Mogibacterium;	5	0	0	1	0	0	0	0	0	0	0	0	0	0	1	0	0	0	0	0	0	0	0	0	0	0	0	0	0	0	0	0	0	0	3
Root;Bacteria;"Firmicutes";"Clostridia";Clostridiales;Incertae_Sedis_XIV;Blautia;	8368	73	158	214	133	518	455	1	14	5	1	50	37	12	43	23	0	85	69	266	97	72	130	8	35	16	187	159	1962	3303	4	69	54	31	84
Root;Bacteria;"Firmicutes";"Clostridia";Clostridiales;Incertae_Sedis_XIV;Howardella;	40	0	0	0	10	0	0	0	0	0	0	0	0	0	0	0	0	0	3	0	0	0	0	0	0	1	0	11	13	0	0	0	0	0	2
Root;Bacteria;"Firmicutes";"Clostridia";Clostridiales;Incertae_Sedis_XIV;Incertae_Sedis_XIV_unclassified;	9	0	0	1	2	1	1	0	0	0	0	0	0	0	0	0	0	0	0	0	0	0	0	0	0	0	0	0	2	2	0	0	0	0	0
Root;Bacteria;"Firmicutes";"Clostridia";Clostridiales;Peptococcaceae;Peptococcaceae_unclassified;	12	0	1	3	0	0	0	0	0	0	0	0	0	0	0	0	0	0	0	6	0	0	0	0	0	0	0	0	0	0	0	0	2	0	0
Root;Bacteria;"Firmicutes";"Clostridia";Clostridiales;Peptococcaceae;Peptococcus;	4	0	0	4	0	0	0	0	0	0	0	0	0	0	0	0	0	0	0	0	0	0	0	0	0	0	0	0	0	0	0	0	0	0	0
Root;Bacteria;"Firmicutes";"Clostridia";Clostridiales;Veillonellaceae;Acidaminococcus;	90	0	0	0	0	0	0	0	0	0	0	0	0	4	58	0	0	0	0	0	0	0	0	0	2	0	0	0	0	24	0	0	0	0	2
Root;Bacteria;"Firmicutes";"Clostridia";Clostridiales;Veillonellaceae;Allisonella;	38	1	0	0	0	0	0	0	0	1	0	0	0	0	0	0	0	0	0	0	2	0	0	0	0	0	0	0	0	31	0	0	0	1	2
Root;Bacteria;"Firmicutes";"Clostridia";Clostridiales;Veillonellaceae;Dialister;	159	0	0	0	0	0	0	0	0	0	0	0	0	0	0	0	0	0	0	0	65	0	0	0	0	0	0	0	0	79	0	12	0	3	0
Root;Bacteria;"Firmicutes";"Clostridia";Clostridiales;Veillonellaceae;Megamonas;	44	0	0	0	0	0	0	0	0	0	0	0	0	0	0	0	0	0	0	0	0	0	0	0	0	0	0	0	11	0	0	0	0	0	33
Root;Bacteria;"Firmicutes";"Clostridia";Clostridiales;Veillonellaceae;Megasphaera;	1	0	0	0	0	0	1	0	0	0	0	0	0	0	0	0	0	0	0	0	0	0	0	0	0	0	0	0	0	0	0	0	0	0	0
Root;Bacteria;"Firmicutes";"Clostridia";Clostridiales;Veillonellaceae;Phascolarctobacterium;	1107	7	68	17	21	409	86	6	3	0	3	21	0	18	209	16	0	30	0	90	0	18	7	11	0	6	2	0	2	0	2	0	19	6	30
Root;Bacteria;"Firmicutes";"Clostridia";Clostridiales;Veillonellaceae;Veillonella;	88	0	0	0	0	42	19	0	0	0	1	0	4	0	3	0	0	6	0	0	0	0	0	1	0	0	0	1	4	0	0	3	1	0	3
Root;Bacteria;"Firmicutes";"Clostridia";Clostridiales;Veillonellaceae;Veillonellaceae_unclassified;	196	0	0	1	0	4	1	0	0	4	0	0	28	1	10	0	0	0	9	0	18	0	0	0	0	0	0	75	5	27	0	10	0	1	2
Root;Bacteria;"Firmicutes";"Erysipelotrichi";"Erysipelotrichales";Erysipelotrichaceae;Catenibacterium;	40	7	0	0	0	0	0	0	0	0	0	0	0	0	0	0	0	0	0	0	0	0	0	0	0	0	24	0	0	0	0	0	0	0	9
Root;Bacteria;"Firmicutes";"Erysipelotrichi";"Erysipelotrichales";Erysipelotrichaceae;Coprobacillus;	1631	4	38	24	77	60	306	0	2	0	0	4	16	0	0	5	0	0	10	38	4	13	0	1	3	20	8	95	280	607	0	3	9	0	4
Root;Bacteria;"Firmicutes";"Erysipelotrichi";"Erysipelotrichales";Erysipelotrichaceae;Erysipelotrichaceae_unclassified;	42	0	0	1	0	0	5	0	0	0	0	0	0	0	0	1	0	0	0	0	1	0	0	0	1	0	0	2	7	21	0	1	1	1	0
Root;Bacteria;"Firmicutes";"Erysipelotrichi";"Erysipelotrichales";Erysipelotrichaceae;Holdemania;	24	0	0	0	2	0	1	0	1	0	0	0	2	0	0	0	0	0	2	1	0	0	0	0	0	0	0	0	11	4	0	0	0	0	0
Root;Bacteria;"Firmicutes";"Erysipelotrichi";"Erysipelotrichales";Erysipelotrichaceae;Turicibacter;	241	0	0	2	4	0	224	0	0	0	1	0	0	0	0	0	0	0	0	0	0	0	0	0	0	0	8	0	0	0	0	0	2	0	0
Root;Bacteria;"Firmicutes";"Firmicutes"_unclassified;"Firmicutes"_unclassified;"Firmicutes"_unclassified;"Firmicutes"_unclassified;	1054	13	18	38	35	73	372	5	5	3	1	7	2	0	2	2	0	21	5	50	7	2	1	0	1	9	0	22	90	222	4	15	15	7	7
Root;Bacteria;"Fusobacteria";"Fusobacteria";"Fusobacteriales";"Fusobacteriaceae";"Fusobacteriaceae"_unclassified;	195	0	173	0	0	0	0	0	0	0	0	0	0	0	0	0	0	0	0	0	0	0	0	0	0	0	0	21	1	0	0	0	0	0	0
Root;Bacteria;"Fusobacteria";"Fusobacteria";"Fusobacteriales";"Fusobacteriales"_unclassified;"Fusobacteriales"_unclassified;	1	0	0	0	0	0	0	0	0	0	0	0	0	0	0	0	0	0	0	0	0	0	0	0	0	0	0	1	0	0	0	0	0	0	0
Root;Bacteria;"Lentisphaerae";"Lentisphaeria";Victivallales;"Victivallaceae";Victivallis;	5	0	0	0	0	0	0	0	0	0	0	0	0	0	0	0	0	0	0	5	0	0	0	0	0	0	0	0	0	0	0	0	0	0	0
Root;Bacteria;"Proteobacteria";"Proteobacteria"_unclassified;"Proteobacteria"_unclassified;"Proteobacteria"_unclassified;"Proteobacteria"_unclassified;	995	0	0	24	40	0	0	40	0	0	65	0	0	1	72	0	0	0	393	207	1	9	0	0	0	3	0	0	13	0	2	0	3	122	0
Root;Bacteria;"Proteobacteria";Alphaproteobacteria;Alphaproteobacteria_unclassified;Alphaproteobacteria_unclassified;Alphaproteobacteria_unclassified;	1368	0	0	7	15	0	0	9	0	0	20	1	0	0	13	0	0	0	80	1147	0	0	0	7	0	0	0	0	23	0	0	0	4	42	0
Root;Bacteria;"Proteobacteria";Alphaproteobacteria;Rhizobiales;Rhizobiaceae;Rhizobium;	2	0	0	0	0	0	0	0	0	0	0	0	0	0	0	0	0	0	0	0	2	0	0	0	0	0	0	0	0	0	0	0	0	0	0
Root;Bacteria;"Proteobacteria";Alphaproteobacteria;Rhodospirillales;Acetobacteraceae;Roseomonas;	1	0	0	0	0	0	0	0	0	0	0	0	0	0	0	0	0	0	0	0	1	0	0	0	0	0	0	0	0	0	0	0	0	0	0
Root;Bacteria;"Proteobacteria";Betaproteobacteria;Betaproteobacteria_unclassified;Betaproteobacteria_unclassified;Betaproteobacteria_unclassified;	25	0	0	0	4	0	0	2	1	0	0	0	0	0	0	0	0	0	1	9	0	1	0	0	0	0	0	0	3	0	0	0	0	0	4
Root;Bacteria;"Proteobacteria";Betaproteobacteria;Burkholderiales;Alcaligenaceae;Alcaligenaceae_unclassified;	3	0	0	0	2	0	0	0	0	0	0	0	0	0	0	0	0	0	0	1	0	0	0	0	0	0	0	0	0	0	0	0	0	0	0
Root;Bacteria;"Proteobacteria";Betaproteobacteria;Burkholderiales;Alcaligenaceae;Parasutterella;	788	0	74	6	6	58	0	30	0	0	10	2	196	14	105	2	0	57	1	27	2	2	0	9	8	1	0	58	4	0	0	62	13	8	33
Root;Bacteria;"Proteobacteria";Betaproteobacteria;Burkholderiales;Alcaligenaceae;Sutterella;	415	0	0	0	30	0	0	0	0	0	0	7	0	0	0	0	8	0	4	110	2	0	0	0	0	0	0	0	254	0	0	0	0	0	0
Root;Bacteria;"Proteobacteria";Betaproteobacteria;Burkholderiales;Burkholderiales_unclassified;Burkholderiales_unclassified;	39	0	0	0	0	0	0	1	0	0	0	0	0	0	0	0	4	0	1	6	0	0	0	0	0	0	0	0	5	0	0	0	0	0	22
Root;Bacteria;"Proteobacteria";Betaproteobacteria;Burkholderiales;Oxalobacteraceae;Massilia;	1	0	0	0	0	0	0	0	0	0	0	0	0	0	0	0	0	0	0	0	1	0	0	0	0	0	0	0	0	0	0	0	0	0	0
Root;Bacteria;"Proteobacteria";Betaproteobacteria;Burkholderiales;Oxalobacteraceae;Oxalobacter;	34	1	8	2	0	0	0	0	0	0	0	0	0	4	0	0	0	0	0	19	0	0	0	0	0	0	0	0	0	0	0	0	0	0	0
Root;Bacteria;"Proteobacteria";Deltaproteobacteria;Deltaproteobacteria_unclassified;Deltaproteobacteria_unclassified;Deltaproteobacteria_unclassified;	3	0	0	0	0	0	0	0	0	0	0	0	0	0	0	0	0	0	2	0	0	0	0	0	0	0	0	0	1	0	0	0	0	0	0
Root;Bacteria;"Proteobacteria";Deltaproteobacteria;Desulfovibrionales;Desulfovibrionaceae;Desulfovibrio;	25	0	0	19	4	0	0	0	0	0	0	0	0	0	0	0	0	0	0	0	0	0	0	0	2	0	0	0	0	0	0	0	0	0	0
Root;Bacteria;"Proteobacteria";Deltaproteobacteria;Desulfovibrionales;Desulfovibrionaceae;Desulfovibrionaceae_unclassified;	49	4	4	3	1	0	0	0	0	0	1	0	0	1	1	0	0	1	3	22	0	0	0	0	1	0	0	0	3	0	1	0	0	0	3
Root;Bacteria;"Proteobacteria";Deltaproteobacteria;Desulfovibrionales;Desulfovibrionaceae;Lawsonia;	6	0	0	0	1	0	0	0	0	0	0	0	0	0	1	0	0	0	3	1	0	0	0	0	0	0	0	0	0	0	0	0	0	0	0
Root;Bacteria;"Proteobacteria";Epsilonproteobacteria;Campylobacterales;Campylobacteraceae;Arcobacter;	9	0	0	0	0	0	0	0	0	0	0	0	0	0	0	0	0	0	0	9	0	0	0	0	0	0	0	0	0	0	0	0	0	0	0
Root;Bacteria;"Proteobacteria";Epsilonproteobacteria;Campylobacterales;Campylobacteraceae;Campylobacter;	1	0	0	0	0	0	0	0	1	0	0	0	0	0	0	0	0	0	0	0	0	0	0	0	0	0	0	0	0	0	0	0	0	0	0
Root;Bacteria;"Proteobacteria";Gammaproteobacteria;"Enterobacteriales";Enterobacteriaceae;Citrobacter;	15	0	0	0	0	0	0	0	0	0	0	0	0	0	0	0	0	0	15	0	0	0	0	0	0	0	0	0	0	0	0	0	0	0	0
Root;Bacteria;"Proteobacteria";Gammaproteobacteria;"Enterobacteriales";Enterobacteriaceae;Enterobacteriaceae_unclassified;	14	0	0	0	3	0	0	0	0	0	0	0	1	0	2	0	1	1	3	0	0	0	0	0	0	0	0	0	0	0	0	3	0	0	0
Root;Bacteria;"Proteobacteria";Gammaproteobacteria;"Enterobacteriales";Enterobacteriaceae;Escherichia/Shigella;	78	3	0	0	21	0	14	0	0	0	0	0	4	1	1	0	0	1	6	1	0	0	0	0	0	0	26	0	0	0	0	0	0	0	0
Root;Bacteria;"Proteobacteria";Gammaproteobacteria;"Enterobacteriales";Enterobacteriaceae;Klebsiella;	36	0	0	0	0	0	0	0	0	0	0	0	1	0	0	0	0	0	0	1	0	1	2	0	0	0	11	0	0	0	0	20	0	0	0
Root;Bacteria;"Proteobacteria";Gammaproteobacteria;"Enterobacteriales";Enterobacteriaceae;Raoultella;	34	0	0	0	0	0	0	0	0	0	0	0	0	0	0	0	0	31	0	0	0	0	0	0	0	0	0	0	0	0	0	3	0	0	0
Root;Bacteria;"Proteobacteria";Gammaproteobacteria;"Enterobacteriales";Enterobacteriaceae;Salmonella;	1	0	0	0	0	1	0	0	0	0	0	0	0	0	0	0	0	0	0	0	0	0	0	0	0	0	0	0	0	0	0	0	0	0	0
Root;Bacteria;"Proteobacteria";Gammaproteobacteria;Gammaproteobacteria_unclassified;Gammaproteobacteria_unclassified;Gammaproteobacteria_unclassified;	1	0	0	0	0	0	0	0	0	0	0	0	0	0	0	0	0	0	1	0	0	0	0	0	0	0	0	0	0	0	0	0	0	0	0
Root;Bacteria;"Proteobacteria";Gammaproteobacteria;Pasteurellales;Pasteurellaceae;Haemophilus;	87	8	1	0	0	7	69	1	0	0	0	0	1	0	0	0	0	0	0	0	0	0	0	0	0	0	0	0	0	0	0	0	0	0	0
Root;Bacteria;"Proteobacteria";Gammaproteobacteria;Pasteurellales;Pasteurellaceae;Pasteurellaceae_unclassified;	19	3	1	0	0	0	15	0	0	0	0	0	0	0	0	0	0	0	0	0	0	0	0	0	0	0	0	0	0	0	0	0	0	0	0
Root;Bacteria;"Proteobacteria";Gammaproteobacteria;Pseudomonadales;Pseudomonadaceae;Pseudomonas;	2	0	0	0	0	0	0	0	0	0	0	0	0	0	0	0	0	2	0	0	0	0	0	0	0	0	0	0	0	0	0	0	0	0	0
Root;Bacteria;"Spirochaetes";Spirochaetes;Spirochaetales;"Brachyspiraceae";Brachyspira;	3	0	0	0	0	0	0	0	3	0	0	0	0	0	0	0	0	0	0	0	0	0	0	0	0	0	0	0	0	0	0	0	0	0	0
Root;Bacteria;"Synergistetes";Synergistia;Synergistales;Synergistaceae;Cloacibacillus;	81	0	0	0	0	0	0	0	0	0	0	0	0	0	0	0	0	0	0	9	0	3	0	0	0	0	0	0	3	0	66	0	0	0	0
Root;Bacteria;"Synergistetes";Synergistia;Synergistales;Synergistaceae;Synergistaceae_unclassified;	1	0	0	0	0	0	0	0	0	0	0	0	0	0	0	0	0	0	0	0	0	0	0	0	0	0	0	0	0	0	1	0	0	0	0
Root;Bacteria;"Verrucomicrobia";Opitutae;Puniceicoccales;Puniceicoccaceae;Coraliomargarita;	13	0	0	4	0	0	0	0	0	0	0	0	0	0	0	0	0	0	0	9	0	0	0	0	0	0	0	0	0	0	0	0	0	0	0
Root;Bacteria;"Verrucomicrobia";Opitutae;Puniceicoccales;Puniceicoccaceae;Puniceicoccaceae_unclassified;	3	0	0	0	0	0	0	0	0	0	0	0	0	0	0	0	0	0	0	3	0	0	0	0	0	0	0	0	0	0	0	0	0	0	0
Root;Bacteria;"Verrucomicrobia";Verrucomicrobiae;Verrucomicrobiales;Verrucomicrobiaceae;Akkermansia;	748	0	520	114	8	2	0	2	2	0	0	1	0	0	0	1	0	2	0	1	0	26	0	0	0	2	0	0	3	0	59	5	0	0	0
Root;Bacteria;Bacteria_unclassified;Bacteria_unclassified;Bacteria_unclassified;Bacteria_unclassified;Bacteria_unclassified;	2737	29	71	89	185	304	305	272	22	11	25	8	26	4	65	3	4	31	110	459	21	15	4	14	19	82	8	83	123	43	44	13	125	76	44
Root;Bacteria;Cyanobacteria;Cyanobacteria;Chloroplast;Streptophyta;Streptophyta_unclassified;	54	0	0	0	0	2	0	0	0	0	0	0	0	0	0	0	0	0	0	0	2	0	0	14	0	0	2	0	0	13	20	0	0	0	1
Root;Bacteria;TM7;TM7_genera_incertae_sedis;TM7_genera_incertae_sedis_unclassified;TM7_genera_incertae_sedis_unclassified;TM7_genera_incertae_sedis_unclassified;	4	0	0	0	0	0	3	0	0	0	0	0	0	0	0	0	0	0	0	0	0	0	0	0	0	0	0	0	1	0	0	0	0	0	0
Root;Root_unclassified;Root_unclassified;Root_unclassified;Root_unclassified;Root_unclassified;Root_unclassified;	22	0	0	0	1	5	3	1	0	1	0	0	0	0	0	0	0	0	0	10	0	0	0	0	0	0	1	0	0	0	0	0	0	0	0
